[2026-05-14T10:51:42.372+0000] {local_task_job_runner.py:120} INFO - ::group::Pre task execution logs
[2026-05-14T10:51:42.464+0000] {taskinstance.py:2073} INFO - Dependencies all met for dep_context=non-requeueable deps ti=<TaskInstance: weather_pipeline.extract_weather scheduled__2026-05-14T09:00:00+00:00 [queued]>
[2026-05-14T10:51:42.481+0000] {taskinstance.py:2073} INFO - Dependencies all met for dep_context=requeueable deps ti=<TaskInstance: weather_pipeline.extract_weather scheduled__2026-05-14T09:00:00+00:00 [queued]>
[2026-05-14T10:51:42.482+0000] {taskinstance.py:2303} INFO - Starting attempt 1 of 3
[2026-05-14T10:51:42.515+0000] {taskinstance.py:2327} INFO - Executing <Task(PythonOperator): extract_weather> on 2026-05-14 09:00:00+00:00
[2026-05-14T10:51:42.537+0000] {standard_task_runner.py:90} INFO - Running: ['***', 'tasks', 'run', 'weather_pipeline', 'extract_weather', 'scheduled__2026-05-14T09:00:00+00:00', '--job-id', '4', '--raw', '--subdir', 'DAGS_FOLDER/weather_pipeline_dag.py', '--cfg-path', '/tmp/tmpedxfd5ld']
[2026-05-14T10:51:42.550+0000] {standard_task_runner.py:91} INFO - Job 4: Subtask extract_weather
[2026-05-14T10:51:42.564+0000] {logging_mixin.py:188} WARNING - /home/***/.local/lib/python3.12/site-packages/***/task/task_runner/standard_task_runner.py:61 DeprecationWarning: This process (pid=207) is multi-threaded, use of fork() may lead to deadlocks in the child.
[2026-05-14T10:51:42.567+0000] {standard_task_runner.py:63} INFO - Started process 208 to run task
[2026-05-14T10:51:42.724+0000] {task_command.py:426} INFO - Running <TaskInstance: weather_pipeline.extract_weather scheduled__2026-05-14T09:00:00+00:00 [running]> on host ba205c2fa38a
[2026-05-14T10:51:43.025+0000] {taskinstance.py:2644} INFO - Exporting env vars: AIRFLOW_CTX_DAG_OWNER='isuru' AIRFLOW_CTX_DAG_ID='weather_pipeline' AIRFLOW_CTX_TASK_ID='extract_weather' AIRFLOW_CTX_EXECUTION_DATE='2026-05-14T09:00:00+00:00' AIRFLOW_CTX_TRY_NUMBER='1' AIRFLOW_CTX_DAG_RUN_ID='scheduled__2026-05-14T09:00:00+00:00'
[2026-05-14T10:51:43.030+0000] {taskinstance.py:430} INFO - ::endgroup::
[2026-05-14T10:51:43.189+0000] {extract.py:104} INFO - ==================================================
[2026-05-14T10:51:43.190+0000] {extract.py:105} INFO - Starting extract job
[2026-05-14T10:51:43.192+0000] {extract.py:106} INFO - Cities: ['London', 'Colombo', 'New York', 'Tokyo', 'Sydney', 'Seoul']
[2026-05-14T10:51:43.193+0000] {extract.py:107} INFO - ==================================================
[2026-05-14T10:51:43.829+0000] {extract.py:64} INFO - ✅ Successfully fetched weather for London
[2026-05-14T10:51:43.841+0000] {extract.py:95} INFO - 💾 Saved raw data to raw_data/london_2026-05-14_10-51-43.json
[2026-05-14T10:51:44.397+0000] {extract.py:64} INFO - ✅ Successfully fetched weather for Colombo
[2026-05-14T10:51:44.415+0000] {extract.py:95} INFO - 💾 Saved raw data to raw_data/colombo_2026-05-14_10-51-44.json
[2026-05-14T10:51:44.836+0000] {extract.py:64} INFO - ✅ Successfully fetched weather for New York
[2026-05-14T10:51:44.850+0000] {extract.py:95} INFO - 💾 Saved raw data to raw_data/new_york_2026-05-14_10-51-44.json
[2026-05-14T10:51:45.477+0000] {extract.py:64} INFO - ✅ Successfully fetched weather for Tokyo
[2026-05-14T10:51:45.486+0000] {extract.py:95} INFO - 💾 Saved raw data to raw_data/tokyo_2026-05-14_10-51-45.json
[2026-05-14T10:51:45.989+0000] {extract.py:64} INFO - ✅ Successfully fetched weather for Sydney
[2026-05-14T10:51:46.001+0000] {extract.py:95} INFO - 💾 Saved raw data to raw_data/sydney_2026-05-14_10-51-45.json
[2026-05-14T10:51:46.512+0000] {extract.py:64} INFO - ✅ Successfully fetched weather for Seoul
[2026-05-14T10:51:46.521+0000] {extract.py:95} INFO - 💾 Saved raw data to raw_data/seoul_2026-05-14_10-51-46.json
[2026-05-14T10:51:46.523+0000] {extract.py:121} INFO - Extract complete — 6 succeeded, 0 failed
[2026-05-14T10:51:46.526+0000] {python.py:237} INFO - Done. Returned value was: None
[2026-05-14T10:51:46.530+0000] {taskinstance.py:441} INFO - ::group::Post task execution logs
[2026-05-14T10:51:46.562+0000] {taskinstance.py:1205} INFO - Marking task as SUCCESS. dag_id=weather_pipeline, task_id=extract_weather, execution_date=20260514T090000, start_date=20260514T105142, end_date=20260514T105146
[2026-05-14T10:51:46.624+0000] {local_task_job_runner.py:240} INFO - Task exited with return code 0
[2026-05-14T10:51:46.722+0000] {taskinstance.py:3482} INFO - 0 downstream tasks scheduled from follow-on schedule check
[2026-05-14T10:51:46.729+0000] {local_task_job_runner.py:222} INFO - ::endgroup::
