[2026-05-14T10:54:21.328+0000] {local_task_job_runner.py:120} INFO - ::group::Pre task execution logs
[2026-05-14T10:54:21.416+0000] {taskinstance.py:2073} INFO - Dependencies all met for dep_context=non-requeueable deps ti=<TaskInstance: weather_pipeline.extract_weather manual__2026-05-14T10:54:19.431423+00:00 [queued]>
[2026-05-14T10:54:21.432+0000] {taskinstance.py:2073} INFO - Dependencies all met for dep_context=requeueable deps ti=<TaskInstance: weather_pipeline.extract_weather manual__2026-05-14T10:54:19.431423+00:00 [queued]>
[2026-05-14T10:54:21.433+0000] {taskinstance.py:2303} INFO - Starting attempt 1 of 3
[2026-05-14T10:54:21.456+0000] {taskinstance.py:2327} INFO - Executing <Task(PythonOperator): extract_weather> on 2026-05-14 10:54:19.431423+00:00
[2026-05-14T10:54:21.471+0000] {standard_task_runner.py:90} INFO - Running: ['***', 'tasks', 'run', 'weather_pipeline', 'extract_weather', 'manual__2026-05-14T10:54:19.431423+00:00', '--job-id', '10', '--raw', '--subdir', 'DAGS_FOLDER/weather_pipeline_dag.py', '--cfg-path', '/tmp/tmp8bb52798']
[2026-05-14T10:54:21.477+0000] {standard_task_runner.py:91} INFO - Job 10: Subtask extract_weather
[2026-05-14T10:54:21.478+0000] {logging_mixin.py:188} WARNING - /home/***/.local/lib/python3.12/site-packages/***/task/task_runner/standard_task_runner.py:61 DeprecationWarning: This process (pid=248) is multi-threaded, use of fork() may lead to deadlocks in the child.
[2026-05-14T10:54:21.481+0000] {standard_task_runner.py:63} INFO - Started process 249 to run task
[2026-05-14T10:54:21.604+0000] {task_command.py:426} INFO - Running <TaskInstance: weather_pipeline.extract_weather manual__2026-05-14T10:54:19.431423+00:00 [running]> on host ba205c2fa38a
[2026-05-14T10:54:21.793+0000] {taskinstance.py:2644} INFO - Exporting env vars: AIRFLOW_CTX_DAG_OWNER='isuru' AIRFLOW_CTX_DAG_ID='weather_pipeline' AIRFLOW_CTX_TASK_ID='extract_weather' AIRFLOW_CTX_EXECUTION_DATE='2026-05-14T10:54:19.431423+00:00' AIRFLOW_CTX_TRY_NUMBER='1' AIRFLOW_CTX_DAG_RUN_ID='manual__2026-05-14T10:54:19.431423+00:00'
[2026-05-14T10:54:21.795+0000] {taskinstance.py:430} INFO - ::endgroup::
[2026-05-14T10:54:21.872+0000] {extract.py:104} INFO - ==================================================
[2026-05-14T10:54:21.873+0000] {extract.py:105} INFO - Starting extract job
[2026-05-14T10:54:21.873+0000] {extract.py:106} INFO - Cities: ['London', 'Colombo', 'New York', 'Tokyo', 'Sydney', 'Seoul']
[2026-05-14T10:54:21.874+0000] {extract.py:107} INFO - ==================================================
[2026-05-14T10:54:22.347+0000] {extract.py:64} INFO - ✅ Successfully fetched weather for London
[2026-05-14T10:54:22.357+0000] {extract.py:95} INFO - 💾 Saved raw data to raw_data/london_2026-05-14_10-54-22.json
[2026-05-14T10:54:22.777+0000] {extract.py:64} INFO - ✅ Successfully fetched weather for Colombo
[2026-05-14T10:54:22.786+0000] {extract.py:95} INFO - 💾 Saved raw data to raw_data/colombo_2026-05-14_10-54-22.json
[2026-05-14T10:54:23.387+0000] {extract.py:64} INFO - ✅ Successfully fetched weather for New York
[2026-05-14T10:54:23.405+0000] {extract.py:95} INFO - 💾 Saved raw data to raw_data/new_york_2026-05-14_10-54-23.json
[2026-05-14T10:54:23.857+0000] {extract.py:64} INFO - ✅ Successfully fetched weather for Tokyo
[2026-05-14T10:54:23.870+0000] {extract.py:95} INFO - 💾 Saved raw data to raw_data/tokyo_2026-05-14_10-54-23.json
[2026-05-14T10:54:24.404+0000] {extract.py:64} INFO - ✅ Successfully fetched weather for Sydney
[2026-05-14T10:54:24.424+0000] {extract.py:95} INFO - 💾 Saved raw data to raw_data/sydney_2026-05-14_10-54-24.json
[2026-05-14T10:54:24.880+0000] {extract.py:64} INFO - ✅ Successfully fetched weather for Seoul
[2026-05-14T10:54:24.890+0000] {extract.py:95} INFO - 💾 Saved raw data to raw_data/seoul_2026-05-14_10-54-24.json
[2026-05-14T10:54:24.891+0000] {extract.py:121} INFO - Extract complete — 6 succeeded, 0 failed
[2026-05-14T10:54:24.892+0000] {python.py:237} INFO - Done. Returned value was: None
[2026-05-14T10:54:24.894+0000] {taskinstance.py:441} INFO - ::group::Post task execution logs
[2026-05-14T10:54:24.921+0000] {taskinstance.py:1205} INFO - Marking task as SUCCESS. dag_id=weather_pipeline, task_id=extract_weather, execution_date=20260514T105419, start_date=20260514T105421, end_date=20260514T105424
[2026-05-14T10:54:24.987+0000] {local_task_job_runner.py:240} INFO - Task exited with return code 0
[2026-05-14T10:54:25.052+0000] {taskinstance.py:3482} INFO - 1 downstream tasks scheduled from follow-on schedule check
[2026-05-14T10:54:25.056+0000] {local_task_job_runner.py:222} INFO - ::endgroup::
