[2026-05-14T10:53:46.864+0000] {local_task_job_runner.py:120} INFO - ::group::Pre task execution logs
[2026-05-14T10:53:46.955+0000] {taskinstance.py:2073} INFO - Dependencies all met for dep_context=non-requeueable deps ti=<TaskInstance: weather_pipeline.load_to_postgres manual__2026-05-14T10:53:36.919199+00:00 [queued]>
[2026-05-14T10:53:46.977+0000] {taskinstance.py:2073} INFO - Dependencies all met for dep_context=requeueable deps ti=<TaskInstance: weather_pipeline.load_to_postgres manual__2026-05-14T10:53:36.919199+00:00 [queued]>
[2026-05-14T10:53:46.979+0000] {taskinstance.py:2303} INFO - Starting attempt 1 of 3
[2026-05-14T10:53:47.002+0000] {taskinstance.py:2327} INFO - Executing <Task(PythonOperator): load_to_postgres> on 2026-05-14 10:53:36.919199+00:00
[2026-05-14T10:53:47.016+0000] {standard_task_runner.py:90} INFO - Running: ['***', 'tasks', 'run', 'weather_pipeline', 'load_to_postgres', 'manual__2026-05-14T10:53:36.919199+00:00', '--job-id', '9', '--raw', '--subdir', 'DAGS_FOLDER/weather_pipeline_dag.py', '--cfg-path', '/tmp/tmp27fpwtkz']
[2026-05-14T10:53:47.022+0000] {standard_task_runner.py:91} INFO - Job 9: Subtask load_to_postgres
[2026-05-14T10:53:47.023+0000] {logging_mixin.py:188} WARNING - /home/***/.local/lib/python3.12/site-packages/***/task/task_runner/standard_task_runner.py:61 DeprecationWarning: This process (pid=240) is multi-threaded, use of fork() may lead to deadlocks in the child.
[2026-05-14T10:53:47.024+0000] {standard_task_runner.py:63} INFO - Started process 241 to run task
[2026-05-14T10:53:47.163+0000] {task_command.py:426} INFO - Running <TaskInstance: weather_pipeline.load_to_postgres manual__2026-05-14T10:53:36.919199+00:00 [running]> on host ba205c2fa38a
[2026-05-14T10:53:47.371+0000] {taskinstance.py:2644} INFO - Exporting env vars: AIRFLOW_CTX_DAG_OWNER='isuru' AIRFLOW_CTX_DAG_ID='weather_pipeline' AIRFLOW_CTX_TASK_ID='load_to_postgres' AIRFLOW_CTX_EXECUTION_DATE='2026-05-14T10:53:36.919199+00:00' AIRFLOW_CTX_TRY_NUMBER='1' AIRFLOW_CTX_DAG_RUN_ID='manual__2026-05-14T10:53:36.919199+00:00'
[2026-05-14T10:53:47.375+0000] {taskinstance.py:430} INFO - ::endgroup::
[2026-05-14T10:53:48.449+0000] {load.py:127} INFO - ==================================================
[2026-05-14T10:53:48.450+0000] {load.py:128} INFO - Starting load job
[2026-05-14T10:53:48.451+0000] {load.py:129} INFO - ==================================================
[2026-05-14T10:53:48.459+0000] {load.py:141} INFO - Loading file: clean_data/weather_clean_2026-05-14_10-53-45.csv
[2026-05-14T10:53:48.474+0000] {load.py:144} INFO - Read 18 rows from CSV
[2026-05-14T10:53:48.494+0000] {load.py:48} INFO - Connected to PostgreSQL
[2026-05-14T10:53:48.496+0000] {load.py:87} INFO - Table 'weather_readings' ready
[2026-05-14T10:53:48.515+0000] {load.py:119} INFO - Inserted 18 rows into weather_readings
[2026-05-14T10:53:48.516+0000] {load.py:151} INFO - Load job complete
[2026-05-14T10:53:48.517+0000] {load.py:159} INFO - Database connection closed
[2026-05-14T10:53:48.519+0000] {python.py:237} INFO - Done. Returned value was: None
[2026-05-14T10:53:48.521+0000] {taskinstance.py:441} INFO - ::group::Post task execution logs
[2026-05-14T10:53:48.551+0000] {taskinstance.py:1205} INFO - Marking task as SUCCESS. dag_id=weather_pipeline, task_id=load_to_postgres, execution_date=20260514T105336, start_date=20260514T105346, end_date=20260514T105348
[2026-05-14T10:53:48.609+0000] {local_task_job_runner.py:240} INFO - Task exited with return code 0
[2026-05-14T10:53:48.655+0000] {taskinstance.py:3482} INFO - 0 downstream tasks scheduled from follow-on schedule check
[2026-05-14T10:53:48.659+0000] {local_task_job_runner.py:222} INFO - ::endgroup::
