[2026-05-14T11:10:20.662+0000] {local_task_job_runner.py:120} INFO - ::group::Pre task execution logs
[2026-05-14T11:10:20.833+0000] {taskinstance.py:2073} INFO - Dependencies all met for dep_context=non-requeueable deps ti=<TaskInstance: weather_pipeline.extract_weather scheduled__2026-05-14T10:00:00+00:00 [queued]>
[2026-05-14T11:10:20.905+0000] {taskinstance.py:2073} INFO - Dependencies all met for dep_context=requeueable deps ti=<TaskInstance: weather_pipeline.extract_weather scheduled__2026-05-14T10:00:00+00:00 [queued]>
[2026-05-14T11:10:20.912+0000] {taskinstance.py:2303} INFO - Starting attempt 1 of 3
[2026-05-14T11:10:21.018+0000] {taskinstance.py:2327} INFO - Executing <Task(PythonOperator): extract_weather> on 2026-05-14 10:00:00+00:00
[2026-05-14T11:10:21.096+0000] {standard_task_runner.py:90} INFO - Running: ['***', 'tasks', 'run', 'weather_pipeline', 'extract_weather', 'scheduled__2026-05-14T10:00:00+00:00', '--job-id', '17', '--raw', '--subdir', 'DAGS_FOLDER/weather_pipeline_dag.py', '--cfg-path', '/tmp/tmpnd2ppkk4']
[2026-05-14T11:10:21.119+0000] {logging_mixin.py:188} WARNING - /home/***/.local/lib/python3.12/site-packages/***/task/task_runner/standard_task_runner.py:61 DeprecationWarning: This process (pid=180) is multi-threaded, use of fork() may lead to deadlocks in the child.
[2026-05-14T11:10:21.239+0000] {standard_task_runner.py:91} INFO - Job 17: Subtask extract_weather
[2026-05-14T11:10:21.302+0000] {standard_task_runner.py:63} INFO - Started process 183 to run task
[2026-05-14T11:10:21.948+0000] {task_command.py:426} INFO - Running <TaskInstance: weather_pipeline.extract_weather scheduled__2026-05-14T10:00:00+00:00 [running]> on host 75f0d218eef1
[2026-05-14T11:10:22.768+0000] {taskinstance.py:2644} INFO - Exporting env vars: AIRFLOW_CTX_DAG_OWNER='isuru' AIRFLOW_CTX_DAG_ID='weather_pipeline' AIRFLOW_CTX_TASK_ID='extract_weather' AIRFLOW_CTX_EXECUTION_DATE='2026-05-14T10:00:00+00:00' AIRFLOW_CTX_TRY_NUMBER='1' AIRFLOW_CTX_DAG_RUN_ID='scheduled__2026-05-14T10:00:00+00:00'
[2026-05-14T11:10:22.782+0000] {taskinstance.py:430} INFO - ::endgroup::
[2026-05-14T11:10:24.596+0000] {extract.py:104} INFO - ==================================================
[2026-05-14T11:10:24.617+0000] {extract.py:105} INFO - Starting extract job
[2026-05-14T11:10:24.643+0000] {extract.py:106} INFO - Cities: ['London', 'Colombo', 'New York', 'Tokyo', 'Sydney', 'Seoul']
[2026-05-14T11:10:24.659+0000] {extract.py:107} INFO - ==================================================
[2026-05-14T11:10:26.745+0000] {extract.py:64} INFO - ✅ Successfully fetched weather for London
[2026-05-14T11:10:27.201+0000] {extract.py:95} INFO - 💾 Saved raw data to raw_data/london_2026-05-14_11-10-26.json
[2026-05-14T11:10:28.075+0000] {extract.py:64} INFO - ✅ Successfully fetched weather for Colombo
[2026-05-14T11:10:28.118+0000] {extract.py:95} INFO - 💾 Saved raw data to raw_data/colombo_2026-05-14_11-10-28.json
[2026-05-14T11:10:28.957+0000] {extract.py:64} INFO - ✅ Successfully fetched weather for New York
[2026-05-14T11:10:29.112+0000] {extract.py:95} INFO - 💾 Saved raw data to raw_data/new_york_2026-05-14_11-10-28.json
[2026-05-14T11:10:30.210+0000] {extract.py:64} INFO - ✅ Successfully fetched weather for Tokyo
[2026-05-14T11:10:30.306+0000] {extract.py:95} INFO - 💾 Saved raw data to raw_data/tokyo_2026-05-14_11-10-30.json
[2026-05-14T11:10:31.265+0000] {extract.py:64} INFO - ✅ Successfully fetched weather for Sydney
[2026-05-14T11:10:31.505+0000] {extract.py:95} INFO - 💾 Saved raw data to raw_data/sydney_2026-05-14_11-10-31.json
[2026-05-14T11:10:32.403+0000] {extract.py:64} INFO - ✅ Successfully fetched weather for Seoul
[2026-05-14T11:10:32.425+0000] {extract.py:95} INFO - 💾 Saved raw data to raw_data/seoul_2026-05-14_11-10-32.json
[2026-05-14T11:10:32.427+0000] {extract.py:121} INFO - Extract complete — 6 succeeded, 0 failed
[2026-05-14T11:10:32.428+0000] {python.py:237} INFO - Done. Returned value was: None
[2026-05-14T11:10:32.436+0000] {taskinstance.py:441} INFO - ::group::Post task execution logs
[2026-05-14T11:10:32.491+0000] {taskinstance.py:1205} INFO - Marking task as SUCCESS. dag_id=weather_pipeline, task_id=extract_weather, execution_date=20260514T100000, start_date=20260514T111020, end_date=20260514T111032
[2026-05-14T11:10:32.594+0000] {local_task_job_runner.py:240} INFO - Task exited with return code 0
[2026-05-14T11:10:32.730+0000] {taskinstance.py:3482} INFO - 1 downstream tasks scheduled from follow-on schedule check
[2026-05-14T11:10:32.740+0000] {local_task_job_runner.py:222} INFO - ::endgroup::
