[2026-05-14T10:55:05.424+0000] {local_task_job_runner.py:120} INFO - ::group::Pre task execution logs
[2026-05-14T10:55:05.492+0000] {taskinstance.py:2073} INFO - Dependencies all met for dep_context=non-requeueable deps ti=<TaskInstance: weather_pipeline.load_to_postgres manual__2026-05-14T10:54:55.781469+00:00 [queued]>
[2026-05-14T10:55:05.507+0000] {taskinstance.py:2073} INFO - Dependencies all met for dep_context=requeueable deps ti=<TaskInstance: weather_pipeline.load_to_postgres manual__2026-05-14T10:54:55.781469+00:00 [queued]>
[2026-05-14T10:55:05.509+0000] {taskinstance.py:2303} INFO - Starting attempt 1 of 3
[2026-05-14T10:55:05.559+0000] {taskinstance.py:2327} INFO - Executing <Task(PythonOperator): load_to_postgres> on 2026-05-14 10:54:55.781469+00:00
[2026-05-14T10:55:05.581+0000] {standard_task_runner.py:90} INFO - Running: ['***', 'tasks', 'run', 'weather_pipeline', 'load_to_postgres', 'manual__2026-05-14T10:54:55.781469+00:00', '--job-id', '15', '--raw', '--subdir', 'DAGS_FOLDER/weather_pipeline_dag.py', '--cfg-path', '/tmp/tmpf06vcff9']
[2026-05-14T10:55:05.591+0000] {standard_task_runner.py:91} INFO - Job 15: Subtask load_to_postgres
[2026-05-14T10:55:05.596+0000] {logging_mixin.py:188} WARNING - /home/***/.local/lib/python3.12/site-packages/***/task/task_runner/standard_task_runner.py:61 DeprecationWarning: This process (pid=266) is multi-threaded, use of fork() may lead to deadlocks in the child.
[2026-05-14T10:55:05.602+0000] {standard_task_runner.py:63} INFO - Started process 267 to run task
[2026-05-14T10:55:05.813+0000] {task_command.py:426} INFO - Running <TaskInstance: weather_pipeline.load_to_postgres manual__2026-05-14T10:54:55.781469+00:00 [running]> on host ba205c2fa38a
[2026-05-14T10:55:06.004+0000] {taskinstance.py:2644} INFO - Exporting env vars: AIRFLOW_CTX_DAG_OWNER='isuru' AIRFLOW_CTX_DAG_ID='weather_pipeline' AIRFLOW_CTX_TASK_ID='load_to_postgres' AIRFLOW_CTX_EXECUTION_DATE='2026-05-14T10:54:55.781469+00:00' AIRFLOW_CTX_TRY_NUMBER='1' AIRFLOW_CTX_DAG_RUN_ID='manual__2026-05-14T10:54:55.781469+00:00'
[2026-05-14T10:55:06.007+0000] {taskinstance.py:430} INFO - ::endgroup::
[2026-05-14T10:55:07.134+0000] {load.py:127} INFO - ==================================================
[2026-05-14T10:55:07.135+0000] {load.py:128} INFO - Starting load job
[2026-05-14T10:55:07.135+0000] {load.py:129} INFO - ==================================================
[2026-05-14T10:55:07.139+0000] {load.py:141} INFO - Loading file: clean_data/weather_clean_2026-05-14_10-55-04.csv
[2026-05-14T10:55:07.151+0000] {load.py:144} INFO - Read 30 rows from CSV
[2026-05-14T10:55:07.166+0000] {load.py:48} INFO - Connected to PostgreSQL
[2026-05-14T10:55:07.168+0000] {load.py:87} INFO - Table 'weather_readings' ready
[2026-05-14T10:55:07.187+0000] {load.py:119} INFO - Inserted 30 rows into weather_readings
[2026-05-14T10:55:07.188+0000] {load.py:151} INFO - Load job complete
[2026-05-14T10:55:07.189+0000] {load.py:159} INFO - Database connection closed
[2026-05-14T10:55:07.191+0000] {python.py:237} INFO - Done. Returned value was: None
[2026-05-14T10:55:07.192+0000] {taskinstance.py:441} INFO - ::group::Post task execution logs
[2026-05-14T10:55:07.215+0000] {taskinstance.py:1205} INFO - Marking task as SUCCESS. dag_id=weather_pipeline, task_id=load_to_postgres, execution_date=20260514T105455, start_date=20260514T105505, end_date=20260514T105507
[2026-05-14T10:55:07.287+0000] {local_task_job_runner.py:240} INFO - Task exited with return code 0
[2026-05-14T10:55:07.328+0000] {taskinstance.py:3482} INFO - 0 downstream tasks scheduled from follow-on schedule check
[2026-05-14T10:55:07.332+0000] {local_task_job_runner.py:222} INFO - ::endgroup::
