[2026-05-14T10:53:39.112+0000] {local_task_job_runner.py:120} INFO - ::group::Pre task execution logs
[2026-05-14T10:53:39.246+0000] {taskinstance.py:2073} INFO - Dependencies all met for dep_context=non-requeueable deps ti=<TaskInstance: weather_pipeline.extract_weather manual__2026-05-14T10:53:36.919199+00:00 [queued]>
[2026-05-14T10:53:39.277+0000] {taskinstance.py:2073} INFO - Dependencies all met for dep_context=requeueable deps ti=<TaskInstance: weather_pipeline.extract_weather manual__2026-05-14T10:53:36.919199+00:00 [queued]>
[2026-05-14T10:53:39.278+0000] {taskinstance.py:2303} INFO - Starting attempt 1 of 3
[2026-05-14T10:53:39.330+0000] {taskinstance.py:2327} INFO - Executing <Task(PythonOperator): extract_weather> on 2026-05-14 10:53:36.919199+00:00
[2026-05-14T10:53:39.351+0000] {standard_task_runner.py:90} INFO - Running: ['***', 'tasks', 'run', 'weather_pipeline', 'extract_weather', 'manual__2026-05-14T10:53:36.919199+00:00', '--job-id', '7', '--raw', '--subdir', 'DAGS_FOLDER/weather_pipeline_dag.py', '--cfg-path', '/tmp/tmphrr8u1v0']
[2026-05-14T10:53:39.363+0000] {standard_task_runner.py:91} INFO - Job 7: Subtask extract_weather
[2026-05-14T10:53:39.366+0000] {logging_mixin.py:188} WARNING - /home/***/.local/lib/python3.12/site-packages/***/task/task_runner/standard_task_runner.py:61 DeprecationWarning: This process (pid=230) is multi-threaded, use of fork() may lead to deadlocks in the child.
[2026-05-14T10:53:39.369+0000] {standard_task_runner.py:63} INFO - Started process 231 to run task
[2026-05-14T10:53:39.647+0000] {task_command.py:426} INFO - Running <TaskInstance: weather_pipeline.extract_weather manual__2026-05-14T10:53:36.919199+00:00 [running]> on host ba205c2fa38a
[2026-05-14T10:53:40.060+0000] {taskinstance.py:2644} INFO - Exporting env vars: AIRFLOW_CTX_DAG_OWNER='isuru' AIRFLOW_CTX_DAG_ID='weather_pipeline' AIRFLOW_CTX_TASK_ID='extract_weather' AIRFLOW_CTX_EXECUTION_DATE='2026-05-14T10:53:36.919199+00:00' AIRFLOW_CTX_TRY_NUMBER='1' AIRFLOW_CTX_DAG_RUN_ID='manual__2026-05-14T10:53:36.919199+00:00'
[2026-05-14T10:53:40.062+0000] {taskinstance.py:430} INFO - ::endgroup::
[2026-05-14T10:53:40.163+0000] {extract.py:104} INFO - ==================================================
[2026-05-14T10:53:40.165+0000] {extract.py:105} INFO - Starting extract job
[2026-05-14T10:53:40.166+0000] {extract.py:106} INFO - Cities: ['London', 'Colombo', 'New York', 'Tokyo', 'Sydney', 'Seoul']
[2026-05-14T10:53:40.167+0000] {extract.py:107} INFO - ==================================================
[2026-05-14T10:53:40.752+0000] {extract.py:64} INFO - ✅ Successfully fetched weather for London
[2026-05-14T10:53:40.764+0000] {extract.py:95} INFO - 💾 Saved raw data to raw_data/london_2026-05-14_10-53-40.json
[2026-05-14T10:53:41.158+0000] {extract.py:64} INFO - ✅ Successfully fetched weather for Colombo
[2026-05-14T10:53:41.165+0000] {extract.py:95} INFO - 💾 Saved raw data to raw_data/colombo_2026-05-14_10-53-41.json
[2026-05-14T10:53:41.558+0000] {extract.py:64} INFO - ✅ Successfully fetched weather for New York
[2026-05-14T10:53:41.566+0000] {extract.py:95} INFO - 💾 Saved raw data to raw_data/new_york_2026-05-14_10-53-41.json
[2026-05-14T10:53:41.996+0000] {extract.py:64} INFO - ✅ Successfully fetched weather for Tokyo
[2026-05-14T10:53:42.013+0000] {extract.py:95} INFO - 💾 Saved raw data to raw_data/tokyo_2026-05-14_10-53-42.json
[2026-05-14T10:53:42.460+0000] {extract.py:64} INFO - ✅ Successfully fetched weather for Sydney
[2026-05-14T10:53:42.532+0000] {extract.py:95} INFO - 💾 Saved raw data to raw_data/sydney_2026-05-14_10-53-42.json
[2026-05-14T10:53:42.962+0000] {extract.py:64} INFO - ✅ Successfully fetched weather for Seoul
[2026-05-14T10:53:42.978+0000] {extract.py:95} INFO - 💾 Saved raw data to raw_data/seoul_2026-05-14_10-53-42.json
[2026-05-14T10:53:42.980+0000] {extract.py:121} INFO - Extract complete — 6 succeeded, 0 failed
[2026-05-14T10:53:42.981+0000] {python.py:237} INFO - Done. Returned value was: None
[2026-05-14T10:53:42.982+0000] {taskinstance.py:441} INFO - ::group::Post task execution logs
[2026-05-14T10:53:43.013+0000] {taskinstance.py:1205} INFO - Marking task as SUCCESS. dag_id=weather_pipeline, task_id=extract_weather, execution_date=20260514T105336, start_date=20260514T105339, end_date=20260514T105343
[2026-05-14T10:53:43.085+0000] {local_task_job_runner.py:240} INFO - Task exited with return code 0
[2026-05-14T10:53:43.142+0000] {taskinstance.py:3482} INFO - 1 downstream tasks scheduled from follow-on schedule check
[2026-05-14T10:53:43.148+0000] {local_task_job_runner.py:222} INFO - ::endgroup::
