[2026-05-14T10:31:44.713+0000] {manager.py:470} INFO - Processing files using up to 2 processes at a time 
[2026-05-14T10:31:44.716+0000] {manager.py:471} INFO - Process each file at most once every 30 seconds
[2026-05-14T10:31:44.718+0000] {manager.py:472} INFO - Checking for new files in /opt/airflow/dags every 300 seconds
[2026-05-14T10:31:44.722+0000] {manager.py:737} INFO - Searching for files in /opt/airflow/dags
[2026-05-14T10:31:44.768+0000] {manager.py:740} INFO - There are 1 files in /opt/airflow/dags
[2026-05-14T10:31:45.038+0000] {manager.py:878} INFO - 
================================================================================
DAG File Processing Stats

File Path                                    PID  Runtime      # DAGs    # Errors  Last Runtime    Last Run
-----------------------------------------  -----  ---------  --------  ----------  --------------  ----------
/opt/airflow/dags/weather_pipeline_dag.py    178  0.11s             0           0
================================================================================
[2026-05-14T10:32:15.472+0000] {manager.py:878} INFO - 
================================================================================
DAG File Processing Stats

File Path                                    PID  Runtime      # DAGs    # Errors  Last Runtime    Last Run
-----------------------------------------  -----  ---------  --------  ----------  --------------  -------------------
/opt/airflow/dags/weather_pipeline_dag.py    183  0.01s             0           1  0.26s           2026-05-14T10:31:45
================================================================================
[2026-05-14T10:32:46.151+0000] {manager.py:878} INFO - 
================================================================================
DAG File Processing Stats

File Path                                    PID  Runtime      # DAGs    # Errors  Last Runtime    Last Run
-----------------------------------------  -----  ---------  --------  ----------  --------------  -------------------
/opt/airflow/dags/weather_pipeline_dag.py    188  0.02s             0           1  0.26s           2026-05-14T10:32:15
================================================================================
[2026-05-14T10:33:16.475+0000] {manager.py:878} INFO - 
================================================================================
DAG File Processing Stats

File Path                                  PID    Runtime      # DAGs    # Errors  Last Runtime    Last Run
-----------------------------------------  -----  ---------  --------  ----------  --------------  -------------------
/opt/airflow/dags/weather_pipeline_dag.py                           0           1  0.88s           2026-05-14T10:32:47
================================================================================
[2026-05-14T10:33:47.089+0000] {manager.py:878} INFO - 
================================================================================
DAG File Processing Stats

File Path                                  PID    Runtime      # DAGs    # Errors  Last Runtime    Last Run
-----------------------------------------  -----  ---------  --------  ----------  --------------  -------------------
/opt/airflow/dags/weather_pipeline_dag.py                           0           1  0.19s           2026-05-14T10:33:17
================================================================================
[2026-05-14T10:34:17.714+0000] {manager.py:878} INFO - 
================================================================================
DAG File Processing Stats

File Path                                  PID    Runtime      # DAGs    # Errors  Last Runtime    Last Run
-----------------------------------------  -----  ---------  --------  ----------  --------------  -------------------
/opt/airflow/dags/weather_pipeline_dag.py                           0           1  0.40s           2026-05-14T10:33:48
================================================================================
[2026-05-14T10:34:48.307+0000] {manager.py:878} INFO - 
================================================================================
DAG File Processing Stats

File Path                                  PID    Runtime      # DAGs    # Errors  Last Runtime    Last Run
-----------------------------------------  -----  ---------  --------  ----------  --------------  -------------------
/opt/airflow/dags/weather_pipeline_dag.py                           0           1  0.16s           2026-05-14T10:34:18
================================================================================
[2026-05-14T10:35:19.194+0000] {manager.py:878} INFO - 
================================================================================
DAG File Processing Stats

File Path                                  PID    Runtime      # DAGs    # Errors  Last Runtime    Last Run
-----------------------------------------  -----  ---------  --------  ----------  --------------  -------------------
/opt/airflow/dags/weather_pipeline_dag.py                           0           1  0.19s           2026-05-14T10:34:49
================================================================================
[2026-05-14T10:35:49.887+0000] {manager.py:878} INFO - 
================================================================================
DAG File Processing Stats

File Path                                  PID    Runtime      # DAGs    # Errors  Last Runtime    Last Run
-----------------------------------------  -----  ---------  --------  ----------  --------------  -------------------
/opt/airflow/dags/weather_pipeline_dag.py                           0           1  0.18s           2026-05-14T10:35:20
================================================================================
[2026-05-14T10:36:20.359+0000] {manager.py:878} INFO - 
================================================================================
DAG File Processing Stats

File Path                                  PID    Runtime      # DAGs    # Errors  Last Runtime    Last Run
-----------------------------------------  -----  ---------  --------  ----------  --------------  -------------------
/opt/airflow/dags/weather_pipeline_dag.py                           0           1  0.21s           2026-05-14T10:35:51
================================================================================
[2026-05-14T10:36:45.008+0000] {manager.py:737} INFO - Searching for files in /opt/airflow/dags
[2026-05-14T10:36:45.124+0000] {manager.py:740} INFO - There are 1 files in /opt/airflow/dags
[2026-05-14T10:36:51.337+0000] {manager.py:878} INFO - 
================================================================================
DAG File Processing Stats

File Path                                  PID    Runtime      # DAGs    # Errors  Last Runtime    Last Run
-----------------------------------------  -----  ---------  --------  ----------  --------------  -------------------
/opt/airflow/dags/weather_pipeline_dag.py                           0           1  0.21s           2026-05-14T10:36:21
================================================================================
[2026-05-14T10:37:21.742+0000] {manager.py:878} INFO - 
================================================================================
DAG File Processing Stats

File Path                                  PID    Runtime      # DAGs    # Errors  Last Runtime    Last Run
-----------------------------------------  -----  ---------  --------  ----------  --------------  -------------------
/opt/airflow/dags/weather_pipeline_dag.py                           0           1  0.17s           2026-05-14T10:36:52
================================================================================
[2026-05-14T10:37:52.185+0000] {manager.py:878} INFO - 
================================================================================
DAG File Processing Stats

File Path                                  PID    Runtime      # DAGs    # Errors  Last Runtime    Last Run
-----------------------------------------  -----  ---------  --------  ----------  --------------  -------------------
/opt/airflow/dags/weather_pipeline_dag.py                           0           1  0.16s           2026-05-14T10:37:22
================================================================================
[2026-05-14T10:38:22.895+0000] {manager.py:878} INFO - 
================================================================================
DAG File Processing Stats

File Path                                  PID    Runtime      # DAGs    # Errors  Last Runtime    Last Run
-----------------------------------------  -----  ---------  --------  ----------  --------------  -------------------
/opt/airflow/dags/weather_pipeline_dag.py                           0           1  0.19s           2026-05-14T10:37:53
================================================================================
[2026-05-14T10:38:53.342+0000] {manager.py:878} INFO - 
================================================================================
DAG File Processing Stats

File Path                                  PID    Runtime      # DAGs    # Errors  Last Runtime    Last Run
-----------------------------------------  -----  ---------  --------  ----------  --------------  -------------------
/opt/airflow/dags/weather_pipeline_dag.py                           0           1  0.21s           2026-05-14T10:38:24
================================================================================
[2026-05-14T10:39:23.775+0000] {manager.py:878} INFO - 
================================================================================
DAG File Processing Stats

File Path                                  PID    Runtime      # DAGs    # Errors  Last Runtime    Last Run
-----------------------------------------  -----  ---------  --------  ----------  --------------  -------------------
/opt/airflow/dags/weather_pipeline_dag.py                           0           1  0.14s           2026-05-14T10:38:54
================================================================================
[2026-05-14T10:39:53.833+0000] {manager.py:878} INFO - 
================================================================================
DAG File Processing Stats

File Path                                  PID    Runtime      # DAGs    # Errors  Last Runtime    Last Run
-----------------------------------------  -----  ---------  --------  ----------  --------------  -------------------
/opt/airflow/dags/weather_pipeline_dag.py                           0           1  0.16s           2026-05-14T10:39:24
================================================================================
[2026-05-14T10:40:23.891+0000] {manager.py:878} INFO - 
================================================================================
DAG File Processing Stats

File Path                                  PID    Runtime      # DAGs    # Errors  Last Runtime    Last Run
-----------------------------------------  -----  ---------  --------  ----------  --------------  -------------------
/opt/airflow/dags/weather_pipeline_dag.py                           0           1  0.15s           2026-05-14T10:39:55
================================================================================
[2026-05-14T10:40:54.231+0000] {manager.py:878} INFO - 
================================================================================
DAG File Processing Stats

File Path                                  PID    Runtime      # DAGs    # Errors  Last Runtime    Last Run
-----------------------------------------  -----  ---------  --------  ----------  --------------  -------------------
/opt/airflow/dags/weather_pipeline_dag.py                           0           1  0.15s           2026-05-14T10:40:25
================================================================================
[2026-05-14T10:41:24.702+0000] {manager.py:878} INFO - 
================================================================================
DAG File Processing Stats

File Path                                  PID    Runtime      # DAGs    # Errors  Last Runtime    Last Run
-----------------------------------------  -----  ---------  --------  ----------  --------------  -------------------
/opt/airflow/dags/weather_pipeline_dag.py                           0           1  0.20s           2026-05-14T10:40:56
================================================================================
[2026-05-14T10:41:40.990+0000] {manager.py:452} INFO - Exiting gracefully upon receiving signal 15
[2026-05-14T10:44:36.869+0000] {manager.py:470} INFO - Processing files using up to 2 processes at a time 
[2026-05-14T10:44:36.884+0000] {manager.py:471} INFO - Process each file at most once every 30 seconds
[2026-05-14T10:44:36.891+0000] {manager.py:472} INFO - Checking for new files in /opt/airflow/dags every 300 seconds
[2026-05-14T10:44:36.898+0000] {manager.py:737} INFO - Searching for files in /opt/airflow/dags
[2026-05-14T10:44:36.972+0000] {manager.py:740} INFO - There are 1 files in /opt/airflow/dags
[2026-05-14T10:44:37.574+0000] {manager.py:878} INFO - 
================================================================================
DAG File Processing Stats

File Path                                    PID  Runtime      # DAGs    # Errors  Last Runtime    Last Run
-----------------------------------------  -----  ---------  --------  ----------  --------------  ----------
/opt/airflow/dags/weather_pipeline_dag.py    177  0.22s             0           0
================================================================================
[2026-05-14T10:45:08.106+0000] {manager.py:878} INFO - 
================================================================================
DAG File Processing Stats

File Path                                    PID  Runtime      # DAGs    # Errors  Last Runtime    Last Run
-----------------------------------------  -----  ---------  --------  ----------  --------------  -------------------
/opt/airflow/dags/weather_pipeline_dag.py    182  0.02s             0           1  0.41s           2026-05-14T10:44:37
================================================================================
[2026-05-14T10:45:38.630+0000] {manager.py:878} INFO - 
================================================================================
DAG File Processing Stats

File Path                                  PID    Runtime      # DAGs    # Errors  Last Runtime    Last Run
-----------------------------------------  -----  ---------  --------  ----------  --------------  -------------------
/opt/airflow/dags/weather_pipeline_dag.py                           0           1  0.65s           2026-05-14T10:45:08
================================================================================
[2026-05-14T10:46:09.310+0000] {manager.py:878} INFO - 
================================================================================
DAG File Processing Stats

File Path                                    PID  Runtime      # DAGs    # Errors  Last Runtime    Last Run
-----------------------------------------  -----  ---------  --------  ----------  --------------  -------------------
/opt/airflow/dags/weather_pipeline_dag.py    192  0.01s             0           1  0.16s           2026-05-14T10:45:39
================================================================================
[2026-05-14T10:46:39.823+0000] {manager.py:878} INFO - 
================================================================================
DAG File Processing Stats

File Path                                    PID  Runtime      # DAGs    # Errors  Last Runtime    Last Run
-----------------------------------------  -----  ---------  --------  ----------  --------------  -------------------
/opt/airflow/dags/weather_pipeline_dag.py    197  0.01s             0           1  0.18s           2026-05-14T10:46:09
================================================================================
[2026-05-14T10:47:10.276+0000] {manager.py:878} INFO - 
================================================================================
DAG File Processing Stats

File Path                                    PID  Runtime      # DAGs    # Errors  Last Runtime    Last Run
-----------------------------------------  -----  ---------  --------  ----------  --------------  -------------------
/opt/airflow/dags/weather_pipeline_dag.py    202  0.01s             0           1  0.17s           2026-05-14T10:46:39
================================================================================
[2026-05-14T10:47:40.824+0000] {manager.py:878} INFO - 
================================================================================
DAG File Processing Stats

File Path                                    PID  Runtime      # DAGs    # Errors  Last Runtime    Last Run
-----------------------------------------  -----  ---------  --------  ----------  --------------  -------------------
/opt/airflow/dags/weather_pipeline_dag.py    207  0.01s             0           1  0.25s           2026-05-14T10:47:10
================================================================================
[2026-05-14T10:48:11.271+0000] {manager.py:878} INFO - 
================================================================================
DAG File Processing Stats

File Path                                    PID  Runtime      # DAGs    # Errors  Last Runtime    Last Run
-----------------------------------------  -----  ---------  --------  ----------  --------------  -------------------
/opt/airflow/dags/weather_pipeline_dag.py    212  0.02s             0           1  0.15s           2026-05-14T10:47:40
================================================================================
[2026-05-14T10:49:36.770+0000] {manager.py:470} INFO - Processing files using up to 2 processes at a time 
[2026-05-14T10:49:36.773+0000] {manager.py:471} INFO - Process each file at most once every 30 seconds
[2026-05-14T10:49:36.775+0000] {manager.py:472} INFO - Checking for new files in /opt/airflow/dags every 300 seconds
[2026-05-14T10:49:36.777+0000] {manager.py:737} INFO - Searching for files in /opt/airflow/dags
[2026-05-14T10:49:36.944+0000] {manager.py:740} INFO - There are 1 files in /opt/airflow/dags
[2026-05-14T10:49:37.312+0000] {manager.py:878} INFO - 
================================================================================
DAG File Processing Stats

File Path                                    PID  Runtime      # DAGs    # Errors  Last Runtime    Last Run
-----------------------------------------  -----  ---------  --------  ----------  --------------  ----------
/opt/airflow/dags/weather_pipeline_dag.py    177  0.12s             0           0
================================================================================
[2026-05-14T10:50:07.682+0000] {manager.py:878} INFO - 
================================================================================
DAG File Processing Stats

File Path                                    PID  Runtime      # DAGs    # Errors  Last Runtime    Last Run
-----------------------------------------  -----  ---------  --------  ----------  --------------  -------------------
/opt/airflow/dags/weather_pipeline_dag.py    182  0.01s             0           1  0.28s           2026-05-14T10:49:37
================================================================================
[2026-05-14T10:50:37.993+0000] {manager.py:878} INFO - 
================================================================================
DAG File Processing Stats

File Path                                    PID  Runtime      # DAGs    # Errors  Last Runtime    Last Run
-----------------------------------------  -----  ---------  --------  ----------  --------------  -------------------
/opt/airflow/dags/weather_pipeline_dag.py    187  0.01s             0           1  0.16s           2026-05-14T10:50:07
================================================================================
[2026-05-14T10:51:08.390+0000] {manager.py:878} INFO - 
================================================================================
DAG File Processing Stats

File Path                                    PID  Runtime      # DAGs    # Errors  Last Runtime    Last Run
-----------------------------------------  -----  ---------  --------  ----------  --------------  -------------------
/opt/airflow/dags/weather_pipeline_dag.py    192  0.01s             0           1  0.20s           2026-05-14T10:50:38
================================================================================
[2026-05-14T10:51:38.828+0000] {manager.py:878} INFO - 
================================================================================
DAG File Processing Stats

File Path                                    PID  Runtime      # DAGs    # Errors  Last Runtime    Last Run
-----------------------------------------  -----  ---------  --------  ----------  --------------  -------------------
/opt/airflow/dags/weather_pipeline_dag.py    197  0.01s             0           1  0.26s           2026-05-14T10:51:08
================================================================================
[2026-05-14T10:52:09.345+0000] {manager.py:878} INFO - 
================================================================================
DAG File Processing Stats

File Path                                  PID    Runtime      # DAGs    # Errors  Last Runtime    Last Run
-----------------------------------------  -----  ---------  --------  ----------  --------------  -------------------
/opt/airflow/dags/weather_pipeline_dag.py                           1           0  1.38s           2026-05-14T10:51:41
================================================================================
[2026-05-14T10:52:39.737+0000] {manager.py:878} INFO - 
================================================================================
DAG File Processing Stats

File Path                                  PID    Runtime      # DAGs    # Errors  Last Runtime    Last Run
-----------------------------------------  -----  ---------  --------  ----------  --------------  -------------------
/opt/airflow/dags/weather_pipeline_dag.py                           1           0  0.31s           2026-05-14T10:52:11
================================================================================
[2026-05-14T10:53:10.141+0000] {manager.py:878} INFO - 
================================================================================
DAG File Processing Stats

File Path                                  PID    Runtime      # DAGs    # Errors  Last Runtime    Last Run
-----------------------------------------  -----  ---------  --------  ----------  --------------  -------------------
/opt/airflow/dags/weather_pipeline_dag.py                           1           0  0.31s           2026-05-14T10:52:42
================================================================================
[2026-05-14T10:53:40.627+0000] {manager.py:878} INFO - 
================================================================================
DAG File Processing Stats

File Path                                  PID    Runtime      # DAGs    # Errors  Last Runtime    Last Run
-----------------------------------------  -----  ---------  --------  ----------  --------------  -------------------
/opt/airflow/dags/weather_pipeline_dag.py                           1           0  0.30s           2026-05-14T10:53:12
================================================================================
[2026-05-14T10:54:11.044+0000] {manager.py:878} INFO - 
================================================================================
DAG File Processing Stats

File Path                                  PID    Runtime      # DAGs    # Errors  Last Runtime    Last Run
-----------------------------------------  -----  ---------  --------  ----------  --------------  -------------------
/opt/airflow/dags/weather_pipeline_dag.py                           1           0  0.41s           2026-05-14T10:53:43
================================================================================
[2026-05-14T10:54:37.038+0000] {manager.py:737} INFO - Searching for files in /opt/airflow/dags
[2026-05-14T10:54:37.074+0000] {manager.py:740} INFO - There are 1 files in /opt/airflow/dags
[2026-05-14T10:54:41.128+0000] {manager.py:878} INFO - 
================================================================================
DAG File Processing Stats

File Path                                  PID    Runtime      # DAGs    # Errors  Last Runtime    Last Run
-----------------------------------------  -----  ---------  --------  ----------  --------------  -------------------
/opt/airflow/dags/weather_pipeline_dag.py                           1           0  0.24s           2026-05-14T10:54:13
================================================================================
[2026-05-14T10:55:11.282+0000] {manager.py:878} INFO - 
================================================================================
DAG File Processing Stats

File Path                                  PID    Runtime      # DAGs    # Errors  Last Runtime    Last Run
-----------------------------------------  -----  ---------  --------  ----------  --------------  -------------------
/opt/airflow/dags/weather_pipeline_dag.py                           1           0  0.25s           2026-05-14T10:54:43
================================================================================
[2026-05-14T10:55:41.567+0000] {manager.py:878} INFO - 
================================================================================
DAG File Processing Stats

File Path                                  PID    Runtime      # DAGs    # Errors  Last Runtime    Last Run
-----------------------------------------  -----  ---------  --------  ----------  --------------  -------------------
/opt/airflow/dags/weather_pipeline_dag.py                           1           0  0.35s           2026-05-14T10:55:14
================================================================================
[2026-05-14T10:56:12.159+0000] {manager.py:878} INFO - 
================================================================================
DAG File Processing Stats

File Path                                  PID    Runtime      # DAGs    # Errors  Last Runtime    Last Run
-----------------------------------------  -----  ---------  --------  ----------  --------------  -------------------
/opt/airflow/dags/weather_pipeline_dag.py                           1           0  0.27s           2026-05-14T10:55:45
================================================================================
[2026-05-14T10:56:42.511+0000] {manager.py:878} INFO - 
================================================================================
DAG File Processing Stats

File Path                                  PID    Runtime      # DAGs    # Errors  Last Runtime    Last Run
-----------------------------------------  -----  ---------  --------  ----------  --------------  -------------------
/opt/airflow/dags/weather_pipeline_dag.py                           1           0  0.33s           2026-05-14T10:56:15
================================================================================
