[2026-05-14T10:51:47.145+0000] {local_task_job_runner.py:120} INFO - ::group::Pre task execution logs
[2026-05-14T10:51:47.263+0000] {taskinstance.py:2073} INFO - Dependencies all met for dep_context=non-requeueable deps ti=<TaskInstance: weather_pipeline.transform_weather scheduled__2026-05-14T09:00:00+00:00 [queued]>
[2026-05-14T10:51:47.283+0000] {taskinstance.py:2073} INFO - Dependencies all met for dep_context=requeueable deps ti=<TaskInstance: weather_pipeline.transform_weather scheduled__2026-05-14T09:00:00+00:00 [queued]>
[2026-05-14T10:51:47.285+0000] {taskinstance.py:2303} INFO - Starting attempt 1 of 3
[2026-05-14T10:51:47.314+0000] {taskinstance.py:2327} INFO - Executing <Task(PythonOperator): transform_weather> on 2026-05-14 09:00:00+00:00
[2026-05-14T10:51:47.331+0000] {standard_task_runner.py:90} INFO - Running: ['***', 'tasks', 'run', 'weather_pipeline', 'transform_weather', 'scheduled__2026-05-14T09:00:00+00:00', '--job-id', '5', '--raw', '--subdir', 'DAGS_FOLDER/weather_pipeline_dag.py', '--cfg-path', '/tmp/tmpkgjxohqu']
[2026-05-14T10:51:47.338+0000] {standard_task_runner.py:91} INFO - Job 5: Subtask transform_weather
[2026-05-14T10:51:47.344+0000] {logging_mixin.py:188} WARNING - /home/***/.local/lib/python3.12/site-packages/***/task/task_runner/standard_task_runner.py:61 DeprecationWarning: This process (pid=209) is multi-threaded, use of fork() may lead to deadlocks in the child.
[2026-05-14T10:51:47.347+0000] {standard_task_runner.py:63} INFO - Started process 210 to run task
[2026-05-14T10:51:47.515+0000] {task_command.py:426} INFO - Running <TaskInstance: weather_pipeline.transform_weather scheduled__2026-05-14T09:00:00+00:00 [running]> on host ba205c2fa38a
[2026-05-14T10:51:47.750+0000] {taskinstance.py:2644} INFO - Exporting env vars: AIRFLOW_CTX_DAG_OWNER='isuru' AIRFLOW_CTX_DAG_ID='weather_pipeline' AIRFLOW_CTX_TASK_ID='transform_weather' AIRFLOW_CTX_EXECUTION_DATE='2026-05-14T09:00:00+00:00' AIRFLOW_CTX_TRY_NUMBER='1' AIRFLOW_CTX_DAG_RUN_ID='scheduled__2026-05-14T09:00:00+00:00'
[2026-05-14T10:51:47.752+0000] {taskinstance.py:430} INFO - ::endgroup::
[2026-05-14T10:51:50.690+0000] {transform.py:98} INFO - ==================================================
[2026-05-14T10:51:50.691+0000] {transform.py:99} INFO - Starting transform job
[2026-05-14T10:51:50.692+0000] {transform.py:100} INFO - ==================================================
[2026-05-14T10:51:50.695+0000] {transform.py:108} INFO - Found 12 raw JSON files to process
[2026-05-14T10:51:50.711+0000] {transform.py:122} INFO - Parsed: Colombo | 26.69°C | light rain
[2026-05-14T10:51:50.715+0000] {transform.py:122} INFO - Parsed: Colombo | 23.35°C | light rain
[2026-05-14T10:51:50.748+0000] {transform.py:122} INFO - Parsed: London | 9.07°C | broken clouds
[2026-05-14T10:51:50.753+0000] {transform.py:122} INFO - Parsed: London | 10.84°C | broken clouds
[2026-05-14T10:51:50.769+0000] {transform.py:122} INFO - Parsed: New York | 13.42°C | overcast clouds
[2026-05-14T10:51:50.773+0000] {transform.py:122} INFO - Parsed: New York | 13.1°C | fog
[2026-05-14T10:51:50.788+0000] {transform.py:122} INFO - Parsed: Seoul | 30.76°C | clear sky
[2026-05-14T10:51:50.798+0000] {transform.py:122} INFO - Parsed: Seoul | 25.76°C | clear sky
[2026-05-14T10:51:50.816+0000] {transform.py:122} INFO - Parsed: Sydney | 16.52°C | light rain
[2026-05-14T10:51:50.820+0000] {transform.py:122} INFO - Parsed: Sydney | 16.12°C | light rain
[2026-05-14T10:51:50.845+0000] {transform.py:122} INFO - Parsed: Tokyo | 20.45°C | thunderstorm
[2026-05-14T10:51:50.850+0000] {transform.py:122} INFO - Parsed: Tokyo | 16.43°C | broken clouds
[2026-05-14T10:51:50.867+0000] {transform.py:140} INFO - Saved 12 clean records to clean_data/weather_clean_2026-05-14_10-51-50.csv
[2026-05-14T10:51:50.869+0000] {transform.py:141} INFO - Transform complete
[2026-05-14T10:51:50.870+0000] {logging_mixin.py:188} INFO - 
--- CLEAN DATA PREVIEW ---
[2026-05-14T10:51:50.884+0000] {logging_mixin.py:188} INFO -     city  temp_c  humidity_pct    weather_desc         recorded_at
 Colombo   26.69            95      light rain 2026-05-14 07:56:25
 Colombo   23.35            95      light rain 2026-05-14 10:46:22
  London    9.07            74   broken clouds 2026-05-14 07:52:44
  London   10.84            66   broken clouds 2026-05-14 10:47:53
New York   13.42            89 overcast clouds 2026-05-14 07:59:50
New York   13.10            89             fog 2026-05-14 10:48:30
   Seoul   30.76            35       clear sky 2026-05-14 07:56:44
   Seoul   25.76            50       clear sky 2026-05-14 10:44:17
  Sydney   16.52            89      light rain 2026-05-14 07:59:31
  Sydney   16.12            94      light rain 2026-05-14 10:51:46
   Tokyo   20.45            69    thunderstorm 2026-05-14 07:57:04
   Tokyo   16.43            79   broken clouds 2026-05-14 10:50:43
[2026-05-14T10:51:50.885+0000] {logging_mixin.py:188} INFO - --------------------------
[2026-05-14T10:51:50.886+0000] {python.py:237} INFO - Done. Returned value was: None
[2026-05-14T10:51:50.887+0000] {taskinstance.py:441} INFO - ::group::Post task execution logs
[2026-05-14T10:51:50.912+0000] {taskinstance.py:1205} INFO - Marking task as SUCCESS. dag_id=weather_pipeline, task_id=transform_weather, execution_date=20260514T090000, start_date=20260514T105147, end_date=20260514T105150
[2026-05-14T10:51:50.981+0000] {local_task_job_runner.py:240} INFO - Task exited with return code 0
[2026-05-14T10:51:51.022+0000] {taskinstance.py:3482} INFO - 1 downstream tasks scheduled from follow-on schedule check
[2026-05-14T10:51:51.027+0000] {local_task_job_runner.py:222} INFO - ::endgroup::
