[2026-05-14T10:54:25.873+0000] {local_task_job_runner.py:120} INFO - ::group::Pre task execution logs
[2026-05-14T10:54:25.943+0000] {taskinstance.py:2073} INFO - Dependencies all met for dep_context=non-requeueable deps ti=<TaskInstance: weather_pipeline.transform_weather manual__2026-05-14T10:54:19.431423+00:00 [queued]>
[2026-05-14T10:54:25.968+0000] {taskinstance.py:2073} INFO - Dependencies all met for dep_context=requeueable deps ti=<TaskInstance: weather_pipeline.transform_weather manual__2026-05-14T10:54:19.431423+00:00 [queued]>
[2026-05-14T10:54:25.969+0000] {taskinstance.py:2303} INFO - Starting attempt 1 of 3
[2026-05-14T10:54:25.997+0000] {taskinstance.py:2327} INFO - Executing <Task(PythonOperator): transform_weather> on 2026-05-14 10:54:19.431423+00:00
[2026-05-14T10:54:26.012+0000] {standard_task_runner.py:90} INFO - Running: ['***', 'tasks', 'run', 'weather_pipeline', 'transform_weather', 'manual__2026-05-14T10:54:19.431423+00:00', '--job-id', '11', '--raw', '--subdir', 'DAGS_FOLDER/weather_pipeline_dag.py', '--cfg-path', '/tmp/tmpbzq26zwf']
[2026-05-14T10:54:26.021+0000] {standard_task_runner.py:91} INFO - Job 11: Subtask transform_weather
[2026-05-14T10:54:26.020+0000] {logging_mixin.py:188} WARNING - /home/***/.local/lib/python3.12/site-packages/***/task/task_runner/standard_task_runner.py:61 DeprecationWarning: This process (pid=250) is multi-threaded, use of fork() may lead to deadlocks in the child.
[2026-05-14T10:54:26.024+0000] {standard_task_runner.py:63} INFO - Started process 251 to run task
[2026-05-14T10:54:26.168+0000] {task_command.py:426} INFO - Running <TaskInstance: weather_pipeline.transform_weather manual__2026-05-14T10:54:19.431423+00:00 [running]> on host ba205c2fa38a
[2026-05-14T10:54:26.374+0000] {taskinstance.py:2644} INFO - Exporting env vars: AIRFLOW_CTX_DAG_OWNER='isuru' AIRFLOW_CTX_DAG_ID='weather_pipeline' AIRFLOW_CTX_TASK_ID='transform_weather' AIRFLOW_CTX_EXECUTION_DATE='2026-05-14T10:54:19.431423+00:00' AIRFLOW_CTX_TRY_NUMBER='1' AIRFLOW_CTX_DAG_RUN_ID='manual__2026-05-14T10:54:19.431423+00:00'
[2026-05-14T10:54:26.376+0000] {taskinstance.py:430} INFO - ::endgroup::
[2026-05-14T10:54:27.460+0000] {transform.py:98} INFO - ==================================================
[2026-05-14T10:54:27.463+0000] {transform.py:99} INFO - Starting transform job
[2026-05-14T10:54:27.464+0000] {transform.py:100} INFO - ==================================================
[2026-05-14T10:54:27.468+0000] {transform.py:108} INFO - Found 24 raw JSON files to process
[2026-05-14T10:54:27.471+0000] {transform.py:122} INFO - Parsed: Colombo | 26.69°C | light rain
[2026-05-14T10:54:27.474+0000] {transform.py:122} INFO - Parsed: Colombo | 23.35°C | light rain
[2026-05-14T10:54:27.478+0000] {transform.py:122} INFO - Parsed: Colombo | 23.35°C | light rain
[2026-05-14T10:54:27.483+0000] {transform.py:122} INFO - Parsed: Colombo | 23.35°C | light rain
[2026-05-14T10:54:27.486+0000] {transform.py:122} INFO - Parsed: London | 9.07°C | broken clouds
[2026-05-14T10:54:27.489+0000] {transform.py:122} INFO - Parsed: London | 10.84°C | broken clouds
[2026-05-14T10:54:27.493+0000] {transform.py:122} INFO - Parsed: London | 10.84°C | broken clouds
[2026-05-14T10:54:27.498+0000] {transform.py:122} INFO - Parsed: London | 10.84°C | broken clouds
[2026-05-14T10:54:27.501+0000] {transform.py:122} INFO - Parsed: New York | 13.42°C | overcast clouds
[2026-05-14T10:54:27.505+0000] {transform.py:122} INFO - Parsed: New York | 13.1°C | fog
[2026-05-14T10:54:27.508+0000] {transform.py:122} INFO - Parsed: New York | 13.1°C | fog
[2026-05-14T10:54:27.512+0000] {transform.py:122} INFO - Parsed: New York | 13.1°C | fog
[2026-05-14T10:54:27.517+0000] {transform.py:122} INFO - Parsed: Seoul | 30.76°C | clear sky
[2026-05-14T10:54:27.521+0000] {transform.py:122} INFO - Parsed: Seoul | 25.76°C | clear sky
[2026-05-14T10:54:27.524+0000] {transform.py:122} INFO - Parsed: Seoul | 25.76°C | clear sky
[2026-05-14T10:54:27.528+0000] {transform.py:122} INFO - Parsed: Seoul | 25.76°C | clear sky
[2026-05-14T10:54:27.533+0000] {transform.py:122} INFO - Parsed: Sydney | 16.52°C | light rain
[2026-05-14T10:54:27.537+0000] {transform.py:122} INFO - Parsed: Sydney | 16.12°C | light rain
[2026-05-14T10:54:27.541+0000] {transform.py:122} INFO - Parsed: Sydney | 16.12°C | light rain
[2026-05-14T10:54:27.547+0000] {transform.py:122} INFO - Parsed: Sydney | 16.12°C | light rain
[2026-05-14T10:54:27.551+0000] {transform.py:122} INFO - Parsed: Tokyo | 20.45°C | thunderstorm
[2026-05-14T10:54:27.555+0000] {transform.py:122} INFO - Parsed: Tokyo | 16.43°C | broken clouds
[2026-05-14T10:54:27.559+0000] {transform.py:122} INFO - Parsed: Tokyo | 16.43°C | broken clouds
[2026-05-14T10:54:27.563+0000] {transform.py:122} INFO - Parsed: Tokyo | 16.43°C | broken clouds
[2026-05-14T10:54:27.575+0000] {transform.py:140} INFO - Saved 24 clean records to clean_data/weather_clean_2026-05-14_10-54-27.csv
[2026-05-14T10:54:27.576+0000] {transform.py:141} INFO - Transform complete
[2026-05-14T10:54:27.577+0000] {logging_mixin.py:188} INFO - 
--- CLEAN DATA PREVIEW ---
[2026-05-14T10:54:27.588+0000] {logging_mixin.py:188} INFO -     city  temp_c  humidity_pct    weather_desc         recorded_at
 Colombo   26.69            95      light rain 2026-05-14 07:56:25
 Colombo   23.35            95      light rain 2026-05-14 10:46:22
 Colombo   23.35            95      light rain 2026-05-14 10:46:22
 Colombo   23.35            95      light rain 2026-05-14 10:46:22
  London    9.07            74   broken clouds 2026-05-14 07:52:44
  London   10.84            66   broken clouds 2026-05-14 10:47:53
  London   10.84            66   broken clouds 2026-05-14 10:47:53
  London   10.84            66   broken clouds 2026-05-14 10:47:53
New York   13.42            89 overcast clouds 2026-05-14 07:59:50
New York   13.10            89             fog 2026-05-14 10:48:30
New York   13.10            89             fog 2026-05-14 10:48:30
New York   13.10            89             fog 2026-05-14 10:48:30
   Seoul   30.76            35       clear sky 2026-05-14 07:56:44
   Seoul   25.76            50       clear sky 2026-05-14 10:44:17
   Seoul   25.76            50       clear sky 2026-05-14 10:44:17
   Seoul   25.76            50       clear sky 2026-05-14 10:53:57
  Sydney   16.52            89      light rain 2026-05-14 07:59:31
  Sydney   16.12            94      light rain 2026-05-14 10:51:46
  Sydney   16.12            94      light rain 2026-05-14 10:51:46
  Sydney   16.12            94      light rain 2026-05-14 10:51:46
   Tokyo   20.45            69    thunderstorm 2026-05-14 07:57:04
   Tokyo   16.43            79   broken clouds 2026-05-14 10:50:43
   Tokyo   16.43            79   broken clouds 2026-05-14 10:50:43
   Tokyo   16.43            79   broken clouds 2026-05-14 10:50:43
[2026-05-14T10:54:27.589+0000] {logging_mixin.py:188} INFO - --------------------------
[2026-05-14T10:54:27.590+0000] {python.py:237} INFO - Done. Returned value was: None
[2026-05-14T10:54:27.591+0000] {taskinstance.py:441} INFO - ::group::Post task execution logs
[2026-05-14T10:54:27.617+0000] {taskinstance.py:1205} INFO - Marking task as SUCCESS. dag_id=weather_pipeline, task_id=transform_weather, execution_date=20260514T105419, start_date=20260514T105425, end_date=20260514T105427
[2026-05-14T10:54:27.691+0000] {local_task_job_runner.py:240} INFO - Task exited with return code 0
[2026-05-14T10:54:27.740+0000] {taskinstance.py:3482} INFO - 1 downstream tasks scheduled from follow-on schedule check
[2026-05-14T10:54:27.743+0000] {local_task_job_runner.py:222} INFO - ::endgroup::
