[2026-05-14T11:10:40.455+0000] {local_task_job_runner.py:120} INFO - ::group::Pre task execution logs
[2026-05-14T11:10:40.571+0000] {taskinstance.py:2073} INFO - Dependencies all met for dep_context=non-requeueable deps ti=<TaskInstance: weather_pipeline.load_to_postgres scheduled__2026-05-14T10:00:00+00:00 [queued]>
[2026-05-14T11:10:40.598+0000] {taskinstance.py:2073} INFO - Dependencies all met for dep_context=requeueable deps ti=<TaskInstance: weather_pipeline.load_to_postgres scheduled__2026-05-14T10:00:00+00:00 [queued]>
[2026-05-14T11:10:40.600+0000] {taskinstance.py:2303} INFO - Starting attempt 1 of 3
[2026-05-14T11:10:40.662+0000] {taskinstance.py:2327} INFO - Executing <Task(PythonOperator): load_to_postgres> on 2026-05-14 10:00:00+00:00
[2026-05-14T11:10:40.687+0000] {standard_task_runner.py:90} INFO - Running: ['***', 'tasks', 'run', 'weather_pipeline', 'load_to_postgres', 'scheduled__2026-05-14T10:00:00+00:00', '--job-id', '19', '--raw', '--subdir', 'DAGS_FOLDER/weather_pipeline_dag.py', '--cfg-path', '/tmp/tmp8l0xyarc']
[2026-05-14T11:10:40.705+0000] {standard_task_runner.py:91} INFO - Job 19: Subtask load_to_postgres
[2026-05-14T11:10:40.711+0000] {logging_mixin.py:188} WARNING - /home/***/.local/lib/python3.12/site-packages/***/task/task_runner/standard_task_runner.py:61 DeprecationWarning: This process (pid=187) is multi-threaded, use of fork() may lead to deadlocks in the child.
[2026-05-14T11:10:40.718+0000] {standard_task_runner.py:63} INFO - Started process 188 to run task
[2026-05-14T11:10:41.007+0000] {task_command.py:426} INFO - Running <TaskInstance: weather_pipeline.load_to_postgres scheduled__2026-05-14T10:00:00+00:00 [running]> on host 75f0d218eef1
[2026-05-14T11:10:41.498+0000] {taskinstance.py:2644} INFO - Exporting env vars: AIRFLOW_CTX_DAG_OWNER='isuru' AIRFLOW_CTX_DAG_ID='weather_pipeline' AIRFLOW_CTX_TASK_ID='load_to_postgres' AIRFLOW_CTX_EXECUTION_DATE='2026-05-14T10:00:00+00:00' AIRFLOW_CTX_TRY_NUMBER='1' AIRFLOW_CTX_DAG_RUN_ID='scheduled__2026-05-14T10:00:00+00:00'
[2026-05-14T11:10:41.507+0000] {taskinstance.py:430} INFO - ::endgroup::
[2026-05-14T11:10:43.120+0000] {load.py:127} INFO - ==================================================
[2026-05-14T11:10:43.121+0000] {load.py:128} INFO - Starting load job
[2026-05-14T11:10:43.122+0000] {load.py:129} INFO - ==================================================
[2026-05-14T11:10:43.126+0000] {load.py:141} INFO - Loading file: clean_data/weather_clean_2026-05-14_11-10-39.csv
[2026-05-14T11:10:43.139+0000] {load.py:144} INFO - Read 36 rows from CSV
[2026-05-14T11:10:43.157+0000] {load.py:48} INFO - Connected to PostgreSQL
[2026-05-14T11:10:43.160+0000] {load.py:87} INFO - Table 'weather_readings' ready
[2026-05-14T11:10:43.209+0000] {load.py:119} INFO - Inserted 36 rows into weather_readings
[2026-05-14T11:10:43.210+0000] {load.py:151} INFO - Load job complete
[2026-05-14T11:10:43.211+0000] {load.py:159} INFO - Database connection closed
[2026-05-14T11:10:43.215+0000] {python.py:237} INFO - Done. Returned value was: None
[2026-05-14T11:10:43.217+0000] {taskinstance.py:441} INFO - ::group::Post task execution logs
[2026-05-14T11:10:43.288+0000] {taskinstance.py:1205} INFO - Marking task as SUCCESS. dag_id=weather_pipeline, task_id=load_to_postgres, execution_date=20260514T100000, start_date=20260514T111040, end_date=20260514T111043
[2026-05-14T11:10:43.394+0000] {local_task_job_runner.py:240} INFO - Task exited with return code 0
[2026-05-14T11:10:43.454+0000] {taskinstance.py:3482} INFO - 0 downstream tasks scheduled from follow-on schedule check
[2026-05-14T11:10:43.458+0000] {local_task_job_runner.py:222} INFO - ::endgroup::
