[2026-05-14T10:51:52.130+0000] {local_task_job_runner.py:120} INFO - ::group::Pre task execution logs
[2026-05-14T10:51:52.215+0000] {taskinstance.py:2073} INFO - Dependencies all met for dep_context=non-requeueable deps ti=<TaskInstance: weather_pipeline.load_to_postgres scheduled__2026-05-14T09:00:00+00:00 [queued]>
[2026-05-14T10:51:52.233+0000] {taskinstance.py:2073} INFO - Dependencies all met for dep_context=requeueable deps ti=<TaskInstance: weather_pipeline.load_to_postgres scheduled__2026-05-14T09:00:00+00:00 [queued]>
[2026-05-14T10:51:52.235+0000] {taskinstance.py:2303} INFO - Starting attempt 1 of 3
[2026-05-14T10:51:52.263+0000] {taskinstance.py:2327} INFO - Executing <Task(PythonOperator): load_to_postgres> on 2026-05-14 09:00:00+00:00
[2026-05-14T10:51:52.276+0000] {standard_task_runner.py:90} INFO - Running: ['***', 'tasks', 'run', 'weather_pipeline', 'load_to_postgres', 'scheduled__2026-05-14T09:00:00+00:00', '--job-id', '6', '--raw', '--subdir', 'DAGS_FOLDER/weather_pipeline_dag.py', '--cfg-path', '/tmp/tmpohj1c5ev']
[2026-05-14T10:51:52.282+0000] {standard_task_runner.py:91} INFO - Job 6: Subtask load_to_postgres
[2026-05-14T10:51:52.282+0000] {logging_mixin.py:188} WARNING - /home/***/.local/lib/python3.12/site-packages/***/task/task_runner/standard_task_runner.py:61 DeprecationWarning: This process (pid=212) is multi-threaded, use of fork() may lead to deadlocks in the child.
[2026-05-14T10:51:52.283+0000] {standard_task_runner.py:63} INFO - Started process 213 to run task
[2026-05-14T10:51:52.405+0000] {task_command.py:426} INFO - Running <TaskInstance: weather_pipeline.load_to_postgres scheduled__2026-05-14T09:00:00+00:00 [running]> on host ba205c2fa38a
[2026-05-14T10:51:52.622+0000] {taskinstance.py:2644} INFO - Exporting env vars: AIRFLOW_CTX_DAG_OWNER='isuru' AIRFLOW_CTX_DAG_ID='weather_pipeline' AIRFLOW_CTX_TASK_ID='load_to_postgres' AIRFLOW_CTX_EXECUTION_DATE='2026-05-14T09:00:00+00:00' AIRFLOW_CTX_TRY_NUMBER='1' AIRFLOW_CTX_DAG_RUN_ID='scheduled__2026-05-14T09:00:00+00:00'
[2026-05-14T10:51:52.625+0000] {taskinstance.py:430} INFO - ::endgroup::
[2026-05-14T10:51:54.242+0000] {load.py:127} INFO - ==================================================
[2026-05-14T10:51:54.244+0000] {load.py:128} INFO - Starting load job
[2026-05-14T10:51:54.245+0000] {load.py:129} INFO - ==================================================
[2026-05-14T10:51:54.249+0000] {load.py:141} INFO - Loading file: clean_data/weather_clean_2026-05-14_10-51-50.csv
[2026-05-14T10:51:54.277+0000] {load.py:144} INFO - Read 12 rows from CSV
[2026-05-14T10:51:54.310+0000] {load.py:48} INFO - Connected to PostgreSQL
[2026-05-14T10:51:54.342+0000] {load.py:87} INFO - Table 'weather_readings' ready
[2026-05-14T10:51:54.355+0000] {load.py:119} INFO - Inserted 12 rows into weather_readings
[2026-05-14T10:51:54.356+0000] {load.py:151} INFO - Load job complete
[2026-05-14T10:51:54.359+0000] {load.py:159} INFO - Database connection closed
[2026-05-14T10:51:54.360+0000] {python.py:237} INFO - Done. Returned value was: None
[2026-05-14T10:51:54.362+0000] {taskinstance.py:441} INFO - ::group::Post task execution logs
[2026-05-14T10:51:54.391+0000] {taskinstance.py:1205} INFO - Marking task as SUCCESS. dag_id=weather_pipeline, task_id=load_to_postgres, execution_date=20260514T090000, start_date=20260514T105152, end_date=20260514T105154
[2026-05-14T10:51:54.476+0000] {local_task_job_runner.py:240} INFO - Task exited with return code 0
[2026-05-14T10:51:54.518+0000] {taskinstance.py:3482} INFO - 0 downstream tasks scheduled from follow-on schedule check
[2026-05-14T10:51:54.521+0000] {local_task_job_runner.py:222} INFO - ::endgroup::
