[2026-05-14T10:31:45.008+0000] {processor.py:161} INFO - Started process (PID=178) to work on /opt/airflow/dags/weather_pipeline_dag.py
[2026-05-14T10:31:45.011+0000] {processor.py:830} INFO - Processing file /opt/airflow/dags/weather_pipeline_dag.py for tasks to queue
[2026-05-14T10:31:45.021+0000] {logging_mixin.py:188} INFO - [2026-05-14T10:31:45.021+0000] {dagbag.py:540} INFO - Filling up the DagBag from /opt/airflow/dags/weather_pipeline_dag.py
[2026-05-14T10:31:45.055+0000] {logging_mixin.py:188} INFO - [2026-05-14T10:31:45.046+0000] {dagbag.py:350} ERROR - Failed to import: /opt/airflow/dags/weather_pipeline_dag.py
Traceback (most recent call last):
  File "/home/airflow/.local/lib/python3.12/site-packages/airflow/models/dagbag.py", line 346, in parse
    loader.exec_module(new_module)
  File "<frozen importlib._bootstrap_external>", line 995, in exec_module
  File "<frozen importlib._bootstrap>", line 488, in _call_with_frames_removed
  File "/opt/airflow/dags/weather_pipeline_dag.py", line 1, in <module>
    from load import run_load
ModuleNotFoundError: No module named 'load'
[2026-05-14T10:31:45.058+0000] {processor.py:842} WARNING - No viable dags retrieved from /opt/airflow/dags/weather_pipeline_dag.py
[2026-05-14T10:31:45.145+0000] {processor.py:183} INFO - Processing /opt/airflow/dags/weather_pipeline_dag.py took 0.155 seconds
[2026-05-14T10:32:15.529+0000] {processor.py:161} INFO - Started process (PID=183) to work on /opt/airflow/dags/weather_pipeline_dag.py
[2026-05-14T10:32:15.531+0000] {processor.py:830} INFO - Processing file /opt/airflow/dags/weather_pipeline_dag.py for tasks to queue
[2026-05-14T10:32:15.535+0000] {logging_mixin.py:188} INFO - [2026-05-14T10:32:15.535+0000] {dagbag.py:540} INFO - Filling up the DagBag from /opt/airflow/dags/weather_pipeline_dag.py
[2026-05-14T10:32:15.582+0000] {logging_mixin.py:188} INFO - [2026-05-14T10:32:15.571+0000] {dagbag.py:350} ERROR - Failed to import: /opt/airflow/dags/weather_pipeline_dag.py
Traceback (most recent call last):
  File "/home/airflow/.local/lib/python3.12/site-packages/airflow/models/dagbag.py", line 346, in parse
    loader.exec_module(new_module)
  File "<frozen importlib._bootstrap_external>", line 995, in exec_module
  File "<frozen importlib._bootstrap>", line 488, in _call_with_frames_removed
  File "/opt/airflow/dags/weather_pipeline_dag.py", line 1, in <module>
    from load import run_load
ModuleNotFoundError: No module named 'load'
[2026-05-14T10:32:15.585+0000] {processor.py:842} WARNING - No viable dags retrieved from /opt/airflow/dags/weather_pipeline_dag.py
[2026-05-14T10:32:15.688+0000] {processor.py:183} INFO - Processing /opt/airflow/dags/weather_pipeline_dag.py took 0.182 seconds
[2026-05-14T10:32:46.298+0000] {processor.py:161} INFO - Started process (PID=188) to work on /opt/airflow/dags/weather_pipeline_dag.py
[2026-05-14T10:32:46.358+0000] {processor.py:830} INFO - Processing file /opt/airflow/dags/weather_pipeline_dag.py for tasks to queue
[2026-05-14T10:32:46.391+0000] {logging_mixin.py:188} INFO - [2026-05-14T10:32:46.362+0000] {dagbag.py:540} INFO - Filling up the DagBag from /opt/airflow/dags/weather_pipeline_dag.py
[2026-05-14T10:32:46.825+0000] {logging_mixin.py:188} INFO - [2026-05-14T10:32:46.681+0000] {dagbag.py:350} ERROR - Failed to import: /opt/airflow/dags/weather_pipeline_dag.py
Traceback (most recent call last):
  File "/home/airflow/.local/lib/python3.12/site-packages/airflow/models/dagbag.py", line 346, in parse
    loader.exec_module(new_module)
  File "<frozen importlib._bootstrap_external>", line 995, in exec_module
  File "<frozen importlib._bootstrap>", line 488, in _call_with_frames_removed
  File "/opt/airflow/dags/weather_pipeline_dag.py", line 1, in <module>
    from load import run_load
ModuleNotFoundError: No module named 'load'
[2026-05-14T10:32:46.854+0000] {processor.py:842} WARNING - No viable dags retrieved from /opt/airflow/dags/weather_pipeline_dag.py
[2026-05-14T10:32:46.967+0000] {processor.py:183} INFO - Processing /opt/airflow/dags/weather_pipeline_dag.py took 0.779 seconds
[2026-05-14T10:33:17.737+0000] {processor.py:161} INFO - Started process (PID=193) to work on /opt/airflow/dags/weather_pipeline_dag.py
[2026-05-14T10:33:17.739+0000] {processor.py:830} INFO - Processing file /opt/airflow/dags/weather_pipeline_dag.py for tasks to queue
[2026-05-14T10:33:17.743+0000] {logging_mixin.py:188} INFO - [2026-05-14T10:33:17.742+0000] {dagbag.py:540} INFO - Filling up the DagBag from /opt/airflow/dags/weather_pipeline_dag.py
[2026-05-14T10:33:17.771+0000] {logging_mixin.py:188} INFO - [2026-05-14T10:33:17.764+0000] {dagbag.py:350} ERROR - Failed to import: /opt/airflow/dags/weather_pipeline_dag.py
Traceback (most recent call last):
  File "/home/airflow/.local/lib/python3.12/site-packages/airflow/models/dagbag.py", line 346, in parse
    loader.exec_module(new_module)
  File "<frozen importlib._bootstrap_external>", line 995, in exec_module
  File "<frozen importlib._bootstrap>", line 488, in _call_with_frames_removed
  File "/opt/airflow/dags/weather_pipeline_dag.py", line 1, in <module>
    from load import run_load
ModuleNotFoundError: No module named 'load'
[2026-05-14T10:33:17.774+0000] {processor.py:842} WARNING - No viable dags retrieved from /opt/airflow/dags/weather_pipeline_dag.py
[2026-05-14T10:33:17.831+0000] {processor.py:183} INFO - Processing /opt/airflow/dags/weather_pipeline_dag.py took 0.107 seconds
[2026-05-14T10:33:48.336+0000] {processor.py:161} INFO - Started process (PID=198) to work on /opt/airflow/dags/weather_pipeline_dag.py
[2026-05-14T10:33:48.340+0000] {processor.py:830} INFO - Processing file /opt/airflow/dags/weather_pipeline_dag.py for tasks to queue
[2026-05-14T10:33:48.355+0000] {logging_mixin.py:188} INFO - [2026-05-14T10:33:48.353+0000] {dagbag.py:540} INFO - Filling up the DagBag from /opt/airflow/dags/weather_pipeline_dag.py
[2026-05-14T10:33:48.414+0000] {logging_mixin.py:188} INFO - [2026-05-14T10:33:48.402+0000] {dagbag.py:350} ERROR - Failed to import: /opt/airflow/dags/weather_pipeline_dag.py
Traceback (most recent call last):
  File "/home/airflow/.local/lib/python3.12/site-packages/airflow/models/dagbag.py", line 346, in parse
    loader.exec_module(new_module)
  File "<frozen importlib._bootstrap_external>", line 995, in exec_module
  File "<frozen importlib._bootstrap>", line 488, in _call_with_frames_removed
  File "/opt/airflow/dags/weather_pipeline_dag.py", line 1, in <module>
    from load import run_load
ModuleNotFoundError: No module named 'load'
[2026-05-14T10:33:48.422+0000] {processor.py:842} WARNING - No viable dags retrieved from /opt/airflow/dags/weather_pipeline_dag.py
[2026-05-14T10:33:48.526+0000] {processor.py:183} INFO - Processing /opt/airflow/dags/weather_pipeline_dag.py took 0.267 seconds
[2026-05-14T10:34:18.792+0000] {processor.py:161} INFO - Started process (PID=203) to work on /opt/airflow/dags/weather_pipeline_dag.py
[2026-05-14T10:34:18.794+0000] {processor.py:830} INFO - Processing file /opt/airflow/dags/weather_pipeline_dag.py for tasks to queue
[2026-05-14T10:34:18.799+0000] {logging_mixin.py:188} INFO - [2026-05-14T10:34:18.798+0000] {dagbag.py:540} INFO - Filling up the DagBag from /opt/airflow/dags/weather_pipeline_dag.py
[2026-05-14T10:34:18.835+0000] {logging_mixin.py:188} INFO - [2026-05-14T10:34:18.827+0000] {dagbag.py:350} ERROR - Failed to import: /opt/airflow/dags/weather_pipeline_dag.py
Traceback (most recent call last):
  File "/home/airflow/.local/lib/python3.12/site-packages/airflow/models/dagbag.py", line 346, in parse
    loader.exec_module(new_module)
  File "<frozen importlib._bootstrap_external>", line 995, in exec_module
  File "<frozen importlib._bootstrap>", line 488, in _call_with_frames_removed
  File "/opt/airflow/dags/weather_pipeline_dag.py", line 1, in <module>
    from load import run_load
ModuleNotFoundError: No module named 'load'
[2026-05-14T10:34:18.838+0000] {processor.py:842} WARNING - No viable dags retrieved from /opt/airflow/dags/weather_pipeline_dag.py
[2026-05-14T10:34:18.886+0000] {processor.py:183} INFO - Processing /opt/airflow/dags/weather_pipeline_dag.py took 0.106 seconds
[2026-05-14T10:34:49.394+0000] {processor.py:161} INFO - Started process (PID=208) to work on /opt/airflow/dags/weather_pipeline_dag.py
[2026-05-14T10:34:49.398+0000] {processor.py:830} INFO - Processing file /opt/airflow/dags/weather_pipeline_dag.py for tasks to queue
[2026-05-14T10:34:49.402+0000] {logging_mixin.py:188} INFO - [2026-05-14T10:34:49.401+0000] {dagbag.py:540} INFO - Filling up the DagBag from /opt/airflow/dags/weather_pipeline_dag.py
[2026-05-14T10:34:49.433+0000] {logging_mixin.py:188} INFO - [2026-05-14T10:34:49.425+0000] {dagbag.py:350} ERROR - Failed to import: /opt/airflow/dags/weather_pipeline_dag.py
Traceback (most recent call last):
  File "/home/airflow/.local/lib/python3.12/site-packages/airflow/models/dagbag.py", line 346, in parse
    loader.exec_module(new_module)
  File "<frozen importlib._bootstrap_external>", line 995, in exec_module
  File "<frozen importlib._bootstrap>", line 488, in _call_with_frames_removed
  File "/opt/airflow/dags/weather_pipeline_dag.py", line 1, in <module>
    from load import run_load
ModuleNotFoundError: No module named 'load'
[2026-05-14T10:34:49.435+0000] {processor.py:842} WARNING - No viable dags retrieved from /opt/airflow/dags/weather_pipeline_dag.py
[2026-05-14T10:34:49.506+0000] {processor.py:183} INFO - Processing /opt/airflow/dags/weather_pipeline_dag.py took 0.130 seconds
[2026-05-14T10:35:20.493+0000] {processor.py:161} INFO - Started process (PID=213) to work on /opt/airflow/dags/weather_pipeline_dag.py
[2026-05-14T10:35:20.495+0000] {processor.py:830} INFO - Processing file /opt/airflow/dags/weather_pipeline_dag.py for tasks to queue
[2026-05-14T10:35:20.503+0000] {logging_mixin.py:188} INFO - [2026-05-14T10:35:20.502+0000] {dagbag.py:540} INFO - Filling up the DagBag from /opt/airflow/dags/weather_pipeline_dag.py
[2026-05-14T10:35:20.527+0000] {logging_mixin.py:188} INFO - [2026-05-14T10:35:20.522+0000] {dagbag.py:350} ERROR - Failed to import: /opt/airflow/dags/weather_pipeline_dag.py
Traceback (most recent call last):
  File "/home/airflow/.local/lib/python3.12/site-packages/airflow/models/dagbag.py", line 346, in parse
    loader.exec_module(new_module)
  File "<frozen importlib._bootstrap_external>", line 995, in exec_module
  File "<frozen importlib._bootstrap>", line 488, in _call_with_frames_removed
  File "/opt/airflow/dags/weather_pipeline_dag.py", line 1, in <module>
    from load import run_load
ModuleNotFoundError: No module named 'load'
[2026-05-14T10:35:20.530+0000] {processor.py:842} WARNING - No viable dags retrieved from /opt/airflow/dags/weather_pipeline_dag.py
[2026-05-14T10:35:20.582+0000] {processor.py:183} INFO - Processing /opt/airflow/dags/weather_pipeline_dag.py took 0.106 seconds
[2026-05-14T10:35:50.972+0000] {processor.py:161} INFO - Started process (PID=218) to work on /opt/airflow/dags/weather_pipeline_dag.py
[2026-05-14T10:35:50.976+0000] {processor.py:830} INFO - Processing file /opt/airflow/dags/weather_pipeline_dag.py for tasks to queue
[2026-05-14T10:35:50.983+0000] {logging_mixin.py:188} INFO - [2026-05-14T10:35:50.981+0000] {dagbag.py:540} INFO - Filling up the DagBag from /opt/airflow/dags/weather_pipeline_dag.py
[2026-05-14T10:35:51.019+0000] {logging_mixin.py:188} INFO - [2026-05-14T10:35:51.010+0000] {dagbag.py:350} ERROR - Failed to import: /opt/airflow/dags/weather_pipeline_dag.py
Traceback (most recent call last):
  File "/home/airflow/.local/lib/python3.12/site-packages/airflow/models/dagbag.py", line 346, in parse
    loader.exec_module(new_module)
  File "<frozen importlib._bootstrap_external>", line 995, in exec_module
  File "<frozen importlib._bootstrap>", line 488, in _call_with_frames_removed
  File "/opt/airflow/dags/weather_pipeline_dag.py", line 1, in <module>
    from load import run_load
ModuleNotFoundError: No module named 'load'
[2026-05-14T10:35:51.023+0000] {processor.py:842} WARNING - No viable dags retrieved from /opt/airflow/dags/weather_pipeline_dag.py
[2026-05-14T10:35:51.085+0000] {processor.py:183} INFO - Processing /opt/airflow/dags/weather_pipeline_dag.py took 0.133 seconds
[2026-05-14T10:36:21.466+0000] {processor.py:161} INFO - Started process (PID=223) to work on /opt/airflow/dags/weather_pipeline_dag.py
[2026-05-14T10:36:21.470+0000] {processor.py:830} INFO - Processing file /opt/airflow/dags/weather_pipeline_dag.py for tasks to queue
[2026-05-14T10:36:21.478+0000] {logging_mixin.py:188} INFO - [2026-05-14T10:36:21.476+0000] {dagbag.py:540} INFO - Filling up the DagBag from /opt/airflow/dags/weather_pipeline_dag.py
[2026-05-14T10:36:21.515+0000] {logging_mixin.py:188} INFO - [2026-05-14T10:36:21.507+0000] {dagbag.py:350} ERROR - Failed to import: /opt/airflow/dags/weather_pipeline_dag.py
Traceback (most recent call last):
  File "/home/airflow/.local/lib/python3.12/site-packages/airflow/models/dagbag.py", line 346, in parse
    loader.exec_module(new_module)
  File "<frozen importlib._bootstrap_external>", line 995, in exec_module
  File "<frozen importlib._bootstrap>", line 488, in _call_with_frames_removed
  File "/opt/airflow/dags/weather_pipeline_dag.py", line 1, in <module>
    from load import run_load
ModuleNotFoundError: No module named 'load'
[2026-05-14T10:36:21.519+0000] {processor.py:842} WARNING - No viable dags retrieved from /opt/airflow/dags/weather_pipeline_dag.py
[2026-05-14T10:36:21.591+0000] {processor.py:183} INFO - Processing /opt/airflow/dags/weather_pipeline_dag.py took 0.149 seconds
[2026-05-14T10:36:52.465+0000] {processor.py:161} INFO - Started process (PID=228) to work on /opt/airflow/dags/weather_pipeline_dag.py
[2026-05-14T10:36:52.467+0000] {processor.py:830} INFO - Processing file /opt/airflow/dags/weather_pipeline_dag.py for tasks to queue
[2026-05-14T10:36:52.471+0000] {logging_mixin.py:188} INFO - [2026-05-14T10:36:52.471+0000] {dagbag.py:540} INFO - Filling up the DagBag from /opt/airflow/dags/weather_pipeline_dag.py
[2026-05-14T10:36:52.506+0000] {logging_mixin.py:188} INFO - [2026-05-14T10:36:52.498+0000] {dagbag.py:350} ERROR - Failed to import: /opt/airflow/dags/weather_pipeline_dag.py
Traceback (most recent call last):
  File "/home/airflow/.local/lib/python3.12/site-packages/airflow/models/dagbag.py", line 346, in parse
    loader.exec_module(new_module)
  File "<frozen importlib._bootstrap_external>", line 995, in exec_module
  File "<frozen importlib._bootstrap>", line 488, in _call_with_frames_removed
  File "/opt/airflow/dags/weather_pipeline_dag.py", line 1, in <module>
    from load import run_load
ModuleNotFoundError: No module named 'load'
[2026-05-14T10:36:52.509+0000] {processor.py:842} WARNING - No viable dags retrieved from /opt/airflow/dags/weather_pipeline_dag.py
[2026-05-14T10:36:52.562+0000] {processor.py:183} INFO - Processing /opt/airflow/dags/weather_pipeline_dag.py took 0.114 seconds
[2026-05-14T10:37:22.813+0000] {processor.py:161} INFO - Started process (PID=233) to work on /opt/airflow/dags/weather_pipeline_dag.py
[2026-05-14T10:37:22.815+0000] {processor.py:830} INFO - Processing file /opt/airflow/dags/weather_pipeline_dag.py for tasks to queue
[2026-05-14T10:37:22.821+0000] {logging_mixin.py:188} INFO - [2026-05-14T10:37:22.820+0000] {dagbag.py:540} INFO - Filling up the DagBag from /opt/airflow/dags/weather_pipeline_dag.py
[2026-05-14T10:37:22.850+0000] {logging_mixin.py:188} INFO - [2026-05-14T10:37:22.844+0000] {dagbag.py:350} ERROR - Failed to import: /opt/airflow/dags/weather_pipeline_dag.py
Traceback (most recent call last):
  File "/home/airflow/.local/lib/python3.12/site-packages/airflow/models/dagbag.py", line 346, in parse
    loader.exec_module(new_module)
  File "<frozen importlib._bootstrap_external>", line 995, in exec_module
  File "<frozen importlib._bootstrap>", line 488, in _call_with_frames_removed
  File "/opt/airflow/dags/weather_pipeline_dag.py", line 1, in <module>
    from load import run_load
ModuleNotFoundError: No module named 'load'
[2026-05-14T10:37:22.853+0000] {processor.py:842} WARNING - No viable dags retrieved from /opt/airflow/dags/weather_pipeline_dag.py
[2026-05-14T10:37:22.911+0000] {processor.py:183} INFO - Processing /opt/airflow/dags/weather_pipeline_dag.py took 0.111 seconds
[2026-05-14T10:37:53.288+0000] {processor.py:161} INFO - Started process (PID=238) to work on /opt/airflow/dags/weather_pipeline_dag.py
[2026-05-14T10:37:53.290+0000] {processor.py:830} INFO - Processing file /opt/airflow/dags/weather_pipeline_dag.py for tasks to queue
[2026-05-14T10:37:53.294+0000] {logging_mixin.py:188} INFO - [2026-05-14T10:37:53.293+0000] {dagbag.py:540} INFO - Filling up the DagBag from /opt/airflow/dags/weather_pipeline_dag.py
[2026-05-14T10:37:53.322+0000] {logging_mixin.py:188} INFO - [2026-05-14T10:37:53.315+0000] {dagbag.py:350} ERROR - Failed to import: /opt/airflow/dags/weather_pipeline_dag.py
Traceback (most recent call last):
  File "/home/airflow/.local/lib/python3.12/site-packages/airflow/models/dagbag.py", line 346, in parse
    loader.exec_module(new_module)
  File "<frozen importlib._bootstrap_external>", line 995, in exec_module
  File "<frozen importlib._bootstrap>", line 488, in _call_with_frames_removed
  File "/opt/airflow/dags/weather_pipeline_dag.py", line 1, in <module>
    from load import run_load
ModuleNotFoundError: No module named 'load'
[2026-05-14T10:37:53.324+0000] {processor.py:842} WARNING - No viable dags retrieved from /opt/airflow/dags/weather_pipeline_dag.py
[2026-05-14T10:37:53.378+0000] {processor.py:183} INFO - Processing /opt/airflow/dags/weather_pipeline_dag.py took 0.109 seconds
[2026-05-14T10:38:23.978+0000] {processor.py:161} INFO - Started process (PID=243) to work on /opt/airflow/dags/weather_pipeline_dag.py
[2026-05-14T10:38:23.980+0000] {processor.py:830} INFO - Processing file /opt/airflow/dags/weather_pipeline_dag.py for tasks to queue
[2026-05-14T10:38:23.987+0000] {logging_mixin.py:188} INFO - [2026-05-14T10:38:23.986+0000] {dagbag.py:540} INFO - Filling up the DagBag from /opt/airflow/dags/weather_pipeline_dag.py
[2026-05-14T10:38:24.019+0000] {logging_mixin.py:188} INFO - [2026-05-14T10:38:24.011+0000] {dagbag.py:350} ERROR - Failed to import: /opt/airflow/dags/weather_pipeline_dag.py
Traceback (most recent call last):
  File "/home/airflow/.local/lib/python3.12/site-packages/airflow/models/dagbag.py", line 346, in parse
    loader.exec_module(new_module)
  File "<frozen importlib._bootstrap_external>", line 995, in exec_module
  File "<frozen importlib._bootstrap>", line 488, in _call_with_frames_removed
  File "/opt/airflow/dags/weather_pipeline_dag.py", line 1, in <module>
    from load import run_load
ModuleNotFoundError: No module named 'load'
[2026-05-14T10:38:24.022+0000] {processor.py:842} WARNING - No viable dags retrieved from /opt/airflow/dags/weather_pipeline_dag.py
[2026-05-14T10:38:24.106+0000] {processor.py:183} INFO - Processing /opt/airflow/dags/weather_pipeline_dag.py took 0.145 seconds
[2026-05-14T10:38:54.404+0000] {processor.py:161} INFO - Started process (PID=248) to work on /opt/airflow/dags/weather_pipeline_dag.py
[2026-05-14T10:38:54.406+0000] {processor.py:830} INFO - Processing file /opt/airflow/dags/weather_pipeline_dag.py for tasks to queue
[2026-05-14T10:38:54.410+0000] {logging_mixin.py:188} INFO - [2026-05-14T10:38:54.409+0000] {dagbag.py:540} INFO - Filling up the DagBag from /opt/airflow/dags/weather_pipeline_dag.py
[2026-05-14T10:38:54.435+0000] {logging_mixin.py:188} INFO - [2026-05-14T10:38:54.429+0000] {dagbag.py:350} ERROR - Failed to import: /opt/airflow/dags/weather_pipeline_dag.py
Traceback (most recent call last):
  File "/home/airflow/.local/lib/python3.12/site-packages/airflow/models/dagbag.py", line 346, in parse
    loader.exec_module(new_module)
  File "<frozen importlib._bootstrap_external>", line 995, in exec_module
  File "<frozen importlib._bootstrap>", line 488, in _call_with_frames_removed
  File "/opt/airflow/dags/weather_pipeline_dag.py", line 1, in <module>
    from load import run_load
ModuleNotFoundError: No module named 'load'
[2026-05-14T10:38:54.437+0000] {processor.py:842} WARNING - No viable dags retrieved from /opt/airflow/dags/weather_pipeline_dag.py
[2026-05-14T10:38:54.490+0000] {processor.py:183} INFO - Processing /opt/airflow/dags/weather_pipeline_dag.py took 0.097 seconds
[2026-05-14T10:39:24.845+0000] {processor.py:161} INFO - Started process (PID=253) to work on /opt/airflow/dags/weather_pipeline_dag.py
[2026-05-14T10:39:24.847+0000] {processor.py:830} INFO - Processing file /opt/airflow/dags/weather_pipeline_dag.py for tasks to queue
[2026-05-14T10:39:24.852+0000] {logging_mixin.py:188} INFO - [2026-05-14T10:39:24.851+0000] {dagbag.py:540} INFO - Filling up the DagBag from /opt/airflow/dags/weather_pipeline_dag.py
[2026-05-14T10:39:24.886+0000] {logging_mixin.py:188} INFO - [2026-05-14T10:39:24.878+0000] {dagbag.py:350} ERROR - Failed to import: /opt/airflow/dags/weather_pipeline_dag.py
Traceback (most recent call last):
  File "/home/airflow/.local/lib/python3.12/site-packages/airflow/models/dagbag.py", line 346, in parse
    loader.exec_module(new_module)
  File "<frozen importlib._bootstrap_external>", line 995, in exec_module
  File "<frozen importlib._bootstrap>", line 488, in _call_with_frames_removed
  File "/opt/airflow/dags/weather_pipeline_dag.py", line 1, in <module>
    from load import run_load
ModuleNotFoundError: No module named 'load'
[2026-05-14T10:39:24.889+0000] {processor.py:842} WARNING - No viable dags retrieved from /opt/airflow/dags/weather_pipeline_dag.py
[2026-05-14T10:39:24.942+0000] {processor.py:183} INFO - Processing /opt/airflow/dags/weather_pipeline_dag.py took 0.111 seconds
[2026-05-14T10:39:55.582+0000] {processor.py:161} INFO - Started process (PID=258) to work on /opt/airflow/dags/weather_pipeline_dag.py
[2026-05-14T10:39:55.584+0000] {processor.py:830} INFO - Processing file /opt/airflow/dags/weather_pipeline_dag.py for tasks to queue
[2026-05-14T10:39:55.588+0000] {logging_mixin.py:188} INFO - [2026-05-14T10:39:55.587+0000] {dagbag.py:540} INFO - Filling up the DagBag from /opt/airflow/dags/weather_pipeline_dag.py
[2026-05-14T10:39:55.618+0000] {logging_mixin.py:188} INFO - [2026-05-14T10:39:55.611+0000] {dagbag.py:350} ERROR - Failed to import: /opt/airflow/dags/weather_pipeline_dag.py
Traceback (most recent call last):
  File "/home/airflow/.local/lib/python3.12/site-packages/airflow/models/dagbag.py", line 346, in parse
    loader.exec_module(new_module)
  File "<frozen importlib._bootstrap_external>", line 995, in exec_module
  File "<frozen importlib._bootstrap>", line 488, in _call_with_frames_removed
  File "/opt/airflow/dags/weather_pipeline_dag.py", line 1, in <module>
    from load import run_load
ModuleNotFoundError: No module named 'load'
[2026-05-14T10:39:55.621+0000] {processor.py:842} WARNING - No viable dags retrieved from /opt/airflow/dags/weather_pipeline_dag.py
[2026-05-14T10:39:55.665+0000] {processor.py:183} INFO - Processing /opt/airflow/dags/weather_pipeline_dag.py took 0.095 seconds
[2026-05-14T10:40:25.844+0000] {processor.py:161} INFO - Started process (PID=263) to work on /opt/airflow/dags/weather_pipeline_dag.py
[2026-05-14T10:40:25.846+0000] {processor.py:830} INFO - Processing file /opt/airflow/dags/weather_pipeline_dag.py for tasks to queue
[2026-05-14T10:40:25.850+0000] {logging_mixin.py:188} INFO - [2026-05-14T10:40:25.849+0000] {dagbag.py:540} INFO - Filling up the DagBag from /opt/airflow/dags/weather_pipeline_dag.py
[2026-05-14T10:40:25.879+0000] {logging_mixin.py:188} INFO - [2026-05-14T10:40:25.873+0000] {dagbag.py:350} ERROR - Failed to import: /opt/airflow/dags/weather_pipeline_dag.py
Traceback (most recent call last):
  File "/home/airflow/.local/lib/python3.12/site-packages/airflow/models/dagbag.py", line 346, in parse
    loader.exec_module(new_module)
  File "<frozen importlib._bootstrap_external>", line 995, in exec_module
  File "<frozen importlib._bootstrap>", line 488, in _call_with_frames_removed
  File "/opt/airflow/dags/weather_pipeline_dag.py", line 1, in <module>
    from load import run_load
ModuleNotFoundError: No module named 'load'
[2026-05-14T10:40:25.881+0000] {processor.py:842} WARNING - No viable dags retrieved from /opt/airflow/dags/weather_pipeline_dag.py
[2026-05-14T10:40:25.933+0000] {processor.py:183} INFO - Processing /opt/airflow/dags/weather_pipeline_dag.py took 0.102 seconds
[2026-05-14T10:40:56.335+0000] {processor.py:161} INFO - Started process (PID=268) to work on /opt/airflow/dags/weather_pipeline_dag.py
[2026-05-14T10:40:56.338+0000] {processor.py:830} INFO - Processing file /opt/airflow/dags/weather_pipeline_dag.py for tasks to queue
[2026-05-14T10:40:56.345+0000] {logging_mixin.py:188} INFO - [2026-05-14T10:40:56.344+0000] {dagbag.py:540} INFO - Filling up the DagBag from /opt/airflow/dags/weather_pipeline_dag.py
[2026-05-14T10:40:56.379+0000] {logging_mixin.py:188} INFO - [2026-05-14T10:40:56.371+0000] {dagbag.py:350} ERROR - Failed to import: /opt/airflow/dags/weather_pipeline_dag.py
Traceback (most recent call last):
  File "/home/airflow/.local/lib/python3.12/site-packages/airflow/models/dagbag.py", line 346, in parse
    loader.exec_module(new_module)
  File "<frozen importlib._bootstrap_external>", line 995, in exec_module
  File "<frozen importlib._bootstrap>", line 488, in _call_with_frames_removed
  File "/opt/airflow/dags/weather_pipeline_dag.py", line 1, in <module>
    from load import run_load
ModuleNotFoundError: No module named 'load'
[2026-05-14T10:40:56.382+0000] {processor.py:842} WARNING - No viable dags retrieved from /opt/airflow/dags/weather_pipeline_dag.py
[2026-05-14T10:40:56.445+0000] {processor.py:183} INFO - Processing /opt/airflow/dags/weather_pipeline_dag.py took 0.125 seconds
[2026-05-14T10:41:26.812+0000] {processor.py:161} INFO - Started process (PID=273) to work on /opt/airflow/dags/weather_pipeline_dag.py
[2026-05-14T10:41:26.814+0000] {processor.py:830} INFO - Processing file /opt/airflow/dags/weather_pipeline_dag.py for tasks to queue
[2026-05-14T10:41:26.825+0000] {logging_mixin.py:188} INFO - [2026-05-14T10:41:26.824+0000] {dagbag.py:540} INFO - Filling up the DagBag from /opt/airflow/dags/weather_pipeline_dag.py
[2026-05-14T10:41:26.865+0000] {logging_mixin.py:188} INFO - [2026-05-14T10:41:26.855+0000] {dagbag.py:350} ERROR - Failed to import: /opt/airflow/dags/weather_pipeline_dag.py
Traceback (most recent call last):
  File "/home/airflow/.local/lib/python3.12/site-packages/airflow/models/dagbag.py", line 346, in parse
    loader.exec_module(new_module)
  File "<frozen importlib._bootstrap_external>", line 995, in exec_module
  File "<frozen importlib._bootstrap>", line 488, in _call_with_frames_removed
  File "/opt/airflow/dags/weather_pipeline_dag.py", line 1, in <module>
    from load import run_load
ModuleNotFoundError: No module named 'load'
[2026-05-14T10:41:26.870+0000] {processor.py:842} WARNING - No viable dags retrieved from /opt/airflow/dags/weather_pipeline_dag.py
[2026-05-14T10:41:26.969+0000] {processor.py:183} INFO - Processing /opt/airflow/dags/weather_pipeline_dag.py took 0.179 seconds
[2026-05-14T10:44:37.524+0000] {processor.py:161} INFO - Started process (PID=177) to work on /opt/airflow/dags/weather_pipeline_dag.py
[2026-05-14T10:44:37.527+0000] {processor.py:830} INFO - Processing file /opt/airflow/dags/weather_pipeline_dag.py for tasks to queue
[2026-05-14T10:44:37.542+0000] {logging_mixin.py:188} INFO - [2026-05-14T10:44:37.541+0000] {dagbag.py:540} INFO - Filling up the DagBag from /opt/airflow/dags/weather_pipeline_dag.py
[2026-05-14T10:44:37.606+0000] {logging_mixin.py:188} INFO - [2026-05-14T10:44:37.591+0000] {dagbag.py:350} ERROR - Failed to import: /opt/airflow/dags/weather_pipeline_dag.py
Traceback (most recent call last):
  File "/home/airflow/.local/lib/python3.12/site-packages/airflow/models/dagbag.py", line 346, in parse
    loader.exec_module(new_module)
  File "<frozen importlib._bootstrap_external>", line 995, in exec_module
  File "<frozen importlib._bootstrap>", line 488, in _call_with_frames_removed
  File "/opt/airflow/dags/weather_pipeline_dag.py", line 1, in <module>
    from load import run_load
ModuleNotFoundError: No module named 'load'
[2026-05-14T10:44:37.610+0000] {processor.py:842} WARNING - No viable dags retrieved from /opt/airflow/dags/weather_pipeline_dag.py
[2026-05-14T10:44:37.708+0000] {processor.py:183} INFO - Processing /opt/airflow/dags/weather_pipeline_dag.py took 0.233 seconds
[2026-05-14T10:45:08.202+0000] {processor.py:161} INFO - Started process (PID=182) to work on /opt/airflow/dags/weather_pipeline_dag.py
[2026-05-14T10:45:08.205+0000] {processor.py:830} INFO - Processing file /opt/airflow/dags/weather_pipeline_dag.py for tasks to queue
[2026-05-14T10:45:08.212+0000] {logging_mixin.py:188} INFO - [2026-05-14T10:45:08.211+0000] {dagbag.py:540} INFO - Filling up the DagBag from /opt/airflow/dags/weather_pipeline_dag.py
[2026-05-14T10:45:08.507+0000] {logging_mixin.py:188} INFO - [2026-05-14T10:45:08.488+0000] {dagbag.py:350} ERROR - Failed to import: /opt/airflow/dags/weather_pipeline_dag.py
Traceback (most recent call last):
  File "/home/airflow/.local/lib/python3.12/site-packages/airflow/models/dagbag.py", line 346, in parse
    loader.exec_module(new_module)
  File "<frozen importlib._bootstrap_external>", line 995, in exec_module
  File "<frozen importlib._bootstrap>", line 488, in _call_with_frames_removed
  File "/opt/airflow/dags/weather_pipeline_dag.py", line 1, in <module>
    from load import run_load
ModuleNotFoundError: No module named 'load'
[2026-05-14T10:45:08.571+0000] {processor.py:842} WARNING - No viable dags retrieved from /opt/airflow/dags/weather_pipeline_dag.py
[2026-05-14T10:45:08.711+0000] {processor.py:183} INFO - Processing /opt/airflow/dags/weather_pipeline_dag.py took 0.543 seconds
[2026-05-14T10:45:39.083+0000] {processor.py:161} INFO - Started process (PID=187) to work on /opt/airflow/dags/weather_pipeline_dag.py
[2026-05-14T10:45:39.086+0000] {processor.py:830} INFO - Processing file /opt/airflow/dags/weather_pipeline_dag.py for tasks to queue
[2026-05-14T10:45:39.091+0000] {logging_mixin.py:188} INFO - [2026-05-14T10:45:39.090+0000] {dagbag.py:540} INFO - Filling up the DagBag from /opt/airflow/dags/weather_pipeline_dag.py
[2026-05-14T10:45:39.123+0000] {logging_mixin.py:188} INFO - [2026-05-14T10:45:39.115+0000] {dagbag.py:350} ERROR - Failed to import: /opt/airflow/dags/weather_pipeline_dag.py
Traceback (most recent call last):
  File "/home/airflow/.local/lib/python3.12/site-packages/airflow/models/dagbag.py", line 346, in parse
    loader.exec_module(new_module)
  File "<frozen importlib._bootstrap_external>", line 995, in exec_module
  File "<frozen importlib._bootstrap>", line 488, in _call_with_frames_removed
  File "/opt/airflow/dags/weather_pipeline_dag.py", line 1, in <module>
    from load import run_load
ModuleNotFoundError: No module named 'load'
[2026-05-14T10:45:39.125+0000] {processor.py:842} WARNING - No viable dags retrieved from /opt/airflow/dags/weather_pipeline_dag.py
[2026-05-14T10:45:39.189+0000] {processor.py:183} INFO - Processing /opt/airflow/dags/weather_pipeline_dag.py took 0.118 seconds
[2026-05-14T10:46:09.361+0000] {processor.py:161} INFO - Started process (PID=192) to work on /opt/airflow/dags/weather_pipeline_dag.py
[2026-05-14T10:46:09.363+0000] {processor.py:830} INFO - Processing file /opt/airflow/dags/weather_pipeline_dag.py for tasks to queue
[2026-05-14T10:46:09.370+0000] {logging_mixin.py:188} INFO - [2026-05-14T10:46:09.369+0000] {dagbag.py:540} INFO - Filling up the DagBag from /opt/airflow/dags/weather_pipeline_dag.py
[2026-05-14T10:46:09.409+0000] {logging_mixin.py:188} INFO - [2026-05-14T10:46:09.401+0000] {dagbag.py:350} ERROR - Failed to import: /opt/airflow/dags/weather_pipeline_dag.py
Traceback (most recent call last):
  File "/home/airflow/.local/lib/python3.12/site-packages/airflow/models/dagbag.py", line 346, in parse
    loader.exec_module(new_module)
  File "<frozen importlib._bootstrap_external>", line 995, in exec_module
  File "<frozen importlib._bootstrap>", line 488, in _call_with_frames_removed
  File "/opt/airflow/dags/weather_pipeline_dag.py", line 1, in <module>
    from load import run_load
ModuleNotFoundError: No module named 'load'
[2026-05-14T10:46:09.411+0000] {processor.py:842} WARNING - No viable dags retrieved from /opt/airflow/dags/weather_pipeline_dag.py
[2026-05-14T10:46:09.463+0000] {processor.py:183} INFO - Processing /opt/airflow/dags/weather_pipeline_dag.py took 0.120 seconds
[2026-05-14T10:46:39.862+0000] {processor.py:161} INFO - Started process (PID=197) to work on /opt/airflow/dags/weather_pipeline_dag.py
[2026-05-14T10:46:39.863+0000] {processor.py:830} INFO - Processing file /opt/airflow/dags/weather_pipeline_dag.py for tasks to queue
[2026-05-14T10:46:39.867+0000] {logging_mixin.py:188} INFO - [2026-05-14T10:46:39.867+0000] {dagbag.py:540} INFO - Filling up the DagBag from /opt/airflow/dags/weather_pipeline_dag.py
[2026-05-14T10:46:39.906+0000] {logging_mixin.py:188} INFO - [2026-05-14T10:46:39.898+0000] {dagbag.py:350} ERROR - Failed to import: /opt/airflow/dags/weather_pipeline_dag.py
Traceback (most recent call last):
  File "/home/airflow/.local/lib/python3.12/site-packages/airflow/models/dagbag.py", line 346, in parse
    loader.exec_module(new_module)
  File "<frozen importlib._bootstrap_external>", line 995, in exec_module
  File "<frozen importlib._bootstrap>", line 488, in _call_with_frames_removed
  File "/opt/airflow/dags/weather_pipeline_dag.py", line 1, in <module>
    from load import run_load
ModuleNotFoundError: No module named 'load'
[2026-05-14T10:46:39.910+0000] {processor.py:842} WARNING - No viable dags retrieved from /opt/airflow/dags/weather_pipeline_dag.py
[2026-05-14T10:46:39.964+0000] {processor.py:183} INFO - Processing /opt/airflow/dags/weather_pipeline_dag.py took 0.114 seconds
[2026-05-14T10:47:10.342+0000] {processor.py:161} INFO - Started process (PID=202) to work on /opt/airflow/dags/weather_pipeline_dag.py
[2026-05-14T10:47:10.344+0000] {processor.py:830} INFO - Processing file /opt/airflow/dags/weather_pipeline_dag.py for tasks to queue
[2026-05-14T10:47:10.349+0000] {logging_mixin.py:188} INFO - [2026-05-14T10:47:10.348+0000] {dagbag.py:540} INFO - Filling up the DagBag from /opt/airflow/dags/weather_pipeline_dag.py
[2026-05-14T10:47:10.399+0000] {logging_mixin.py:188} INFO - [2026-05-14T10:47:10.386+0000] {dagbag.py:350} ERROR - Failed to import: /opt/airflow/dags/weather_pipeline_dag.py
Traceback (most recent call last):
  File "/home/airflow/.local/lib/python3.12/site-packages/airflow/models/dagbag.py", line 346, in parse
    loader.exec_module(new_module)
  File "<frozen importlib._bootstrap_external>", line 995, in exec_module
  File "<frozen importlib._bootstrap>", line 488, in _call_with_frames_removed
  File "/opt/airflow/dags/weather_pipeline_dag.py", line 1, in <module>
    from load import run_load
ModuleNotFoundError: No module named 'load'
[2026-05-14T10:47:10.403+0000] {processor.py:842} WARNING - No viable dags retrieved from /opt/airflow/dags/weather_pipeline_dag.py
[2026-05-14T10:47:10.485+0000] {processor.py:183} INFO - Processing /opt/airflow/dags/weather_pipeline_dag.py took 0.166 seconds
[2026-05-14T10:47:40.861+0000] {processor.py:161} INFO - Started process (PID=207) to work on /opt/airflow/dags/weather_pipeline_dag.py
[2026-05-14T10:47:40.863+0000] {processor.py:830} INFO - Processing file /opt/airflow/dags/weather_pipeline_dag.py for tasks to queue
[2026-05-14T10:47:40.867+0000] {logging_mixin.py:188} INFO - [2026-05-14T10:47:40.867+0000] {dagbag.py:540} INFO - Filling up the DagBag from /opt/airflow/dags/weather_pipeline_dag.py
[2026-05-14T10:47:40.903+0000] {logging_mixin.py:188} INFO - [2026-05-14T10:47:40.897+0000] {dagbag.py:350} ERROR - Failed to import: /opt/airflow/dags/weather_pipeline_dag.py
Traceback (most recent call last):
  File "/home/airflow/.local/lib/python3.12/site-packages/airflow/models/dagbag.py", line 346, in parse
    loader.exec_module(new_module)
  File "<frozen importlib._bootstrap_external>", line 995, in exec_module
  File "<frozen importlib._bootstrap>", line 488, in _call_with_frames_removed
  File "/opt/airflow/dags/weather_pipeline_dag.py", line 1, in <module>
    from load import run_load
ModuleNotFoundError: No module named 'load'
[2026-05-14T10:47:40.906+0000] {processor.py:842} WARNING - No viable dags retrieved from /opt/airflow/dags/weather_pipeline_dag.py
[2026-05-14T10:47:40.949+0000] {processor.py:183} INFO - Processing /opt/airflow/dags/weather_pipeline_dag.py took 0.099 seconds
[2026-05-14T10:48:11.339+0000] {processor.py:161} INFO - Started process (PID=212) to work on /opt/airflow/dags/weather_pipeline_dag.py
[2026-05-14T10:48:11.341+0000] {processor.py:830} INFO - Processing file /opt/airflow/dags/weather_pipeline_dag.py for tasks to queue
[2026-05-14T10:48:11.354+0000] {logging_mixin.py:188} INFO - [2026-05-14T10:48:11.353+0000] {dagbag.py:540} INFO - Filling up the DagBag from /opt/airflow/dags/weather_pipeline_dag.py
[2026-05-14T10:48:11.398+0000] {logging_mixin.py:188} INFO - [2026-05-14T10:48:11.389+0000] {dagbag.py:350} ERROR - Failed to import: /opt/airflow/dags/weather_pipeline_dag.py
Traceback (most recent call last):
  File "/home/airflow/.local/lib/python3.12/site-packages/airflow/models/dagbag.py", line 346, in parse
    loader.exec_module(new_module)
  File "<frozen importlib._bootstrap_external>", line 995, in exec_module
  File "<frozen importlib._bootstrap>", line 488, in _call_with_frames_removed
  File "/opt/airflow/dags/weather_pipeline_dag.py", line 1, in <module>
    from load import run_load
ModuleNotFoundError: No module named 'load'
[2026-05-14T10:48:11.403+0000] {processor.py:842} WARNING - No viable dags retrieved from /opt/airflow/dags/weather_pipeline_dag.py
[2026-05-14T10:48:11.495+0000] {processor.py:183} INFO - Processing /opt/airflow/dags/weather_pipeline_dag.py took 0.182 seconds
[2026-05-14T10:49:37.285+0000] {processor.py:161} INFO - Started process (PID=177) to work on /opt/airflow/dags/weather_pipeline_dag.py
[2026-05-14T10:49:37.289+0000] {processor.py:830} INFO - Processing file /opt/airflow/dags/weather_pipeline_dag.py for tasks to queue
[2026-05-14T10:49:37.295+0000] {logging_mixin.py:188} INFO - [2026-05-14T10:49:37.294+0000] {dagbag.py:540} INFO - Filling up the DagBag from /opt/airflow/dags/weather_pipeline_dag.py
[2026-05-14T10:49:37.341+0000] {logging_mixin.py:188} INFO - [2026-05-14T10:49:37.332+0000] {dagbag.py:350} ERROR - Failed to import: /opt/airflow/dags/weather_pipeline_dag.py
Traceback (most recent call last):
  File "/home/airflow/.local/lib/python3.12/site-packages/airflow/models/dagbag.py", line 346, in parse
    loader.exec_module(new_module)
  File "<frozen importlib._bootstrap_external>", line 995, in exec_module
  File "<frozen importlib._bootstrap>", line 488, in _call_with_frames_removed
  File "/opt/airflow/dags/weather_pipeline_dag.py", line 1, in <module>
    from load import run_load
ModuleNotFoundError: No module named 'load'
[2026-05-14T10:49:37.345+0000] {processor.py:842} WARNING - No viable dags retrieved from /opt/airflow/dags/weather_pipeline_dag.py
[2026-05-14T10:49:37.424+0000] {processor.py:183} INFO - Processing /opt/airflow/dags/weather_pipeline_dag.py took 0.155 seconds
[2026-05-14T10:50:07.714+0000] {processor.py:161} INFO - Started process (PID=182) to work on /opt/airflow/dags/weather_pipeline_dag.py
[2026-05-14T10:50:07.716+0000] {processor.py:830} INFO - Processing file /opt/airflow/dags/weather_pipeline_dag.py for tasks to queue
[2026-05-14T10:50:07.722+0000] {logging_mixin.py:188} INFO - [2026-05-14T10:50:07.721+0000] {dagbag.py:540} INFO - Filling up the DagBag from /opt/airflow/dags/weather_pipeline_dag.py
[2026-05-14T10:50:07.753+0000] {logging_mixin.py:188} INFO - [2026-05-14T10:50:07.745+0000] {dagbag.py:350} ERROR - Failed to import: /opt/airflow/dags/weather_pipeline_dag.py
Traceback (most recent call last):
  File "/home/airflow/.local/lib/python3.12/site-packages/airflow/models/dagbag.py", line 346, in parse
    loader.exec_module(new_module)
  File "<frozen importlib._bootstrap_external>", line 995, in exec_module
  File "<frozen importlib._bootstrap>", line 488, in _call_with_frames_removed
  File "/opt/airflow/dags/weather_pipeline_dag.py", line 1, in <module>
    from load import run_load
ModuleNotFoundError: No module named 'load'
[2026-05-14T10:50:07.756+0000] {processor.py:842} WARNING - No viable dags retrieved from /opt/airflow/dags/weather_pipeline_dag.py
[2026-05-14T10:50:07.810+0000] {processor.py:183} INFO - Processing /opt/airflow/dags/weather_pipeline_dag.py took 0.107 seconds
[2026-05-14T10:50:38.032+0000] {processor.py:161} INFO - Started process (PID=187) to work on /opt/airflow/dags/weather_pipeline_dag.py
[2026-05-14T10:50:38.038+0000] {processor.py:830} INFO - Processing file /opt/airflow/dags/weather_pipeline_dag.py for tasks to queue
[2026-05-14T10:50:38.043+0000] {logging_mixin.py:188} INFO - [2026-05-14T10:50:38.042+0000] {dagbag.py:540} INFO - Filling up the DagBag from /opt/airflow/dags/weather_pipeline_dag.py
[2026-05-14T10:50:38.084+0000] {logging_mixin.py:188} INFO - [2026-05-14T10:50:38.076+0000] {dagbag.py:350} ERROR - Failed to import: /opt/airflow/dags/weather_pipeline_dag.py
Traceback (most recent call last):
  File "/home/airflow/.local/lib/python3.12/site-packages/airflow/models/dagbag.py", line 346, in parse
    loader.exec_module(new_module)
  File "<frozen importlib._bootstrap_external>", line 995, in exec_module
  File "<frozen importlib._bootstrap>", line 488, in _call_with_frames_removed
  File "/opt/airflow/dags/weather_pipeline_dag.py", line 1, in <module>
    from load import run_load
ModuleNotFoundError: No module named 'load'
[2026-05-14T10:50:38.094+0000] {processor.py:842} WARNING - No viable dags retrieved from /opt/airflow/dags/weather_pipeline_dag.py
[2026-05-14T10:50:38.161+0000] {processor.py:183} INFO - Processing /opt/airflow/dags/weather_pipeline_dag.py took 0.142 seconds
[2026-05-14T10:51:08.459+0000] {processor.py:161} INFO - Started process (PID=192) to work on /opt/airflow/dags/weather_pipeline_dag.py
[2026-05-14T10:51:08.462+0000] {processor.py:830} INFO - Processing file /opt/airflow/dags/weather_pipeline_dag.py for tasks to queue
[2026-05-14T10:51:08.472+0000] {logging_mixin.py:188} INFO - [2026-05-14T10:51:08.471+0000] {dagbag.py:540} INFO - Filling up the DagBag from /opt/airflow/dags/weather_pipeline_dag.py
[2026-05-14T10:51:08.513+0000] {logging_mixin.py:188} INFO - [2026-05-14T10:51:08.505+0000] {dagbag.py:350} ERROR - Failed to import: /opt/airflow/dags/weather_pipeline_dag.py
Traceback (most recent call last):
  File "/home/airflow/.local/lib/python3.12/site-packages/airflow/models/dagbag.py", line 346, in parse
    loader.exec_module(new_module)
  File "<frozen importlib._bootstrap_external>", line 995, in exec_module
  File "<frozen importlib._bootstrap>", line 488, in _call_with_frames_removed
  File "/opt/airflow/dags/weather_pipeline_dag.py", line 1, in <module>
    from load import run_load
ModuleNotFoundError: No module named 'load'
[2026-05-14T10:51:08.520+0000] {processor.py:842} WARNING - No viable dags retrieved from /opt/airflow/dags/weather_pipeline_dag.py
[2026-05-14T10:51:08.605+0000] {processor.py:183} INFO - Processing /opt/airflow/dags/weather_pipeline_dag.py took 0.171 seconds
[2026-05-14T10:51:38.862+0000] {processor.py:161} INFO - Started process (PID=197) to work on /opt/airflow/dags/weather_pipeline_dag.py
[2026-05-14T10:51:38.864+0000] {processor.py:830} INFO - Processing file /opt/airflow/dags/weather_pipeline_dag.py for tasks to queue
[2026-05-14T10:51:38.868+0000] {logging_mixin.py:188} INFO - [2026-05-14T10:51:38.867+0000] {dagbag.py:540} INFO - Filling up the DagBag from /opt/airflow/dags/weather_pipeline_dag.py
[2026-05-14T10:51:38.893+0000] {logging_mixin.py:188} INFO - [2026-05-14T10:51:38.887+0000] {dagbag.py:350} ERROR - Failed to import: /opt/airflow/dags/weather_pipeline_dag.py
Traceback (most recent call last):
  File "/home/airflow/.local/lib/python3.12/site-packages/airflow/models/dagbag.py", line 346, in parse
    loader.exec_module(new_module)
  File "<frozen importlib._bootstrap_external>", line 995, in exec_module
  File "<frozen importlib._bootstrap>", line 488, in _call_with_frames_removed
  File "/opt/airflow/dags/weather_pipeline_dag.py", line 1, in <module>
    from load import run_load
ModuleNotFoundError: No module named 'load'
[2026-05-14T10:51:38.895+0000] {processor.py:842} WARNING - No viable dags retrieved from /opt/airflow/dags/weather_pipeline_dag.py
[2026-05-14T10:51:38.942+0000] {processor.py:183} INFO - Processing /opt/airflow/dags/weather_pipeline_dag.py took 0.090 seconds
[2026-05-14T10:51:39.973+0000] {processor.py:161} INFO - Started process (PID=202) to work on /opt/airflow/dags/weather_pipeline_dag.py
[2026-05-14T10:51:39.980+0000] {processor.py:830} INFO - Processing file /opt/airflow/dags/weather_pipeline_dag.py for tasks to queue
[2026-05-14T10:51:39.986+0000] {logging_mixin.py:188} INFO - [2026-05-14T10:51:39.985+0000] {dagbag.py:540} INFO - Filling up the DagBag from /opt/airflow/dags/weather_pipeline_dag.py
[2026-05-14T10:51:40.116+0000] {processor.py:840} INFO - DAG(s) 'weather_pipeline' retrieved from /opt/airflow/dags/weather_pipeline_dag.py
[2026-05-14T10:51:41.116+0000] {logging_mixin.py:188} INFO - [2026-05-14T10:51:41.115+0000] {override.py:1829} INFO - Created Permission View: can edit on DAG:weather_pipeline
[2026-05-14T10:51:41.138+0000] {logging_mixin.py:188} INFO - [2026-05-14T10:51:41.137+0000] {override.py:1829} INFO - Created Permission View: can read on DAG:weather_pipeline
[2026-05-14T10:51:41.155+0000] {logging_mixin.py:188} INFO - [2026-05-14T10:51:41.155+0000] {override.py:1829} INFO - Created Permission View: can delete on DAG:weather_pipeline
[2026-05-14T10:51:41.159+0000] {logging_mixin.py:188} INFO - [2026-05-14T10:51:41.158+0000] {dag.py:3096} INFO - Sync 1 DAGs
[2026-05-14T10:51:41.183+0000] {logging_mixin.py:188} INFO - [2026-05-14T10:51:41.183+0000] {dag.py:3118} INFO - Creating ORM DAG for weather_pipeline
[2026-05-14T10:51:41.205+0000] {logging_mixin.py:188} INFO - [2026-05-14T10:51:41.205+0000] {dag.py:3954} INFO - Setting next_dagrun for weather_pipeline to 2026-05-14 09:00:00+00:00, run_after=2026-05-14 10:00:00+00:00
[2026-05-14T10:51:41.249+0000] {processor.py:183} INFO - Processing /opt/airflow/dags/weather_pipeline_dag.py took 1.297 seconds
[2026-05-14T10:52:11.431+0000] {processor.py:161} INFO - Started process (PID=215) to work on /opt/airflow/dags/weather_pipeline_dag.py
[2026-05-14T10:52:11.433+0000] {processor.py:830} INFO - Processing file /opt/airflow/dags/weather_pipeline_dag.py for tasks to queue
[2026-05-14T10:52:11.440+0000] {logging_mixin.py:188} INFO - [2026-05-14T10:52:11.439+0000] {dagbag.py:540} INFO - Filling up the DagBag from /opt/airflow/dags/weather_pipeline_dag.py
[2026-05-14T10:52:11.483+0000] {processor.py:840} INFO - DAG(s) 'weather_pipeline' retrieved from /opt/airflow/dags/weather_pipeline_dag.py
[2026-05-14T10:52:11.558+0000] {logging_mixin.py:188} INFO - [2026-05-14T10:52:11.558+0000] {dag.py:3096} INFO - Sync 1 DAGs
[2026-05-14T10:52:11.621+0000] {logging_mixin.py:188} INFO - [2026-05-14T10:52:11.620+0000] {dag.py:3954} INFO - Setting next_dagrun for weather_pipeline to 2026-05-14 10:00:00+00:00, run_after=2026-05-14 11:00:00+00:00
[2026-05-14T10:52:11.677+0000] {processor.py:183} INFO - Processing /opt/airflow/dags/weather_pipeline_dag.py took 0.260 seconds
[2026-05-14T10:52:41.806+0000] {processor.py:161} INFO - Started process (PID=220) to work on /opt/airflow/dags/weather_pipeline_dag.py
[2026-05-14T10:52:41.808+0000] {processor.py:830} INFO - Processing file /opt/airflow/dags/weather_pipeline_dag.py for tasks to queue
[2026-05-14T10:52:41.812+0000] {logging_mixin.py:188} INFO - [2026-05-14T10:52:41.811+0000] {dagbag.py:540} INFO - Filling up the DagBag from /opt/airflow/dags/weather_pipeline_dag.py
[2026-05-14T10:52:41.865+0000] {processor.py:840} INFO - DAG(s) 'weather_pipeline' retrieved from /opt/airflow/dags/weather_pipeline_dag.py
[2026-05-14T10:52:41.956+0000] {logging_mixin.py:188} INFO - [2026-05-14T10:52:41.955+0000] {dag.py:3096} INFO - Sync 1 DAGs
[2026-05-14T10:52:42.018+0000] {logging_mixin.py:188} INFO - [2026-05-14T10:52:42.018+0000] {dag.py:3954} INFO - Setting next_dagrun for weather_pipeline to 2026-05-14 10:00:00+00:00, run_after=2026-05-14 11:00:00+00:00
[2026-05-14T10:52:42.059+0000] {processor.py:183} INFO - Processing /opt/airflow/dags/weather_pipeline_dag.py took 0.263 seconds
[2026-05-14T10:53:12.231+0000] {processor.py:161} INFO - Started process (PID=225) to work on /opt/airflow/dags/weather_pipeline_dag.py
[2026-05-14T10:53:12.234+0000] {processor.py:830} INFO - Processing file /opt/airflow/dags/weather_pipeline_dag.py for tasks to queue
[2026-05-14T10:53:12.239+0000] {logging_mixin.py:188} INFO - [2026-05-14T10:53:12.238+0000] {dagbag.py:540} INFO - Filling up the DagBag from /opt/airflow/dags/weather_pipeline_dag.py
[2026-05-14T10:53:12.295+0000] {processor.py:840} INFO - DAG(s) 'weather_pipeline' retrieved from /opt/airflow/dags/weather_pipeline_dag.py
[2026-05-14T10:53:12.376+0000] {logging_mixin.py:188} INFO - [2026-05-14T10:53:12.376+0000] {dag.py:3096} INFO - Sync 1 DAGs
[2026-05-14T10:53:12.420+0000] {logging_mixin.py:188} INFO - [2026-05-14T10:53:12.420+0000] {dag.py:3954} INFO - Setting next_dagrun for weather_pipeline to 2026-05-14 10:00:00+00:00, run_after=2026-05-14 11:00:00+00:00
[2026-05-14T10:53:12.459+0000] {processor.py:183} INFO - Processing /opt/airflow/dags/weather_pipeline_dag.py took 0.249 seconds
[2026-05-14T10:53:42.708+0000] {processor.py:161} INFO - Started process (PID=232) to work on /opt/airflow/dags/weather_pipeline_dag.py
[2026-05-14T10:53:42.710+0000] {processor.py:830} INFO - Processing file /opt/airflow/dags/weather_pipeline_dag.py for tasks to queue
[2026-05-14T10:53:42.714+0000] {logging_mixin.py:188} INFO - [2026-05-14T10:53:42.713+0000] {dagbag.py:540} INFO - Filling up the DagBag from /opt/airflow/dags/weather_pipeline_dag.py
[2026-05-14T10:53:42.760+0000] {processor.py:840} INFO - DAG(s) 'weather_pipeline' retrieved from /opt/airflow/dags/weather_pipeline_dag.py
[2026-05-14T10:53:42.895+0000] {logging_mixin.py:188} INFO - [2026-05-14T10:53:42.894+0000] {dag.py:3096} INFO - Sync 1 DAGs
[2026-05-14T10:53:42.987+0000] {logging_mixin.py:188} INFO - [2026-05-14T10:53:42.986+0000] {dag.py:3954} INFO - Setting next_dagrun for weather_pipeline to 2026-05-14 10:00:00+00:00, run_after=2026-05-14 11:00:00+00:00
[2026-05-14T10:53:43.049+0000] {processor.py:183} INFO - Processing /opt/airflow/dags/weather_pipeline_dag.py took 0.354 seconds
[2026-05-14T10:54:13.529+0000] {processor.py:161} INFO - Started process (PID=243) to work on /opt/airflow/dags/weather_pipeline_dag.py
[2026-05-14T10:54:13.532+0000] {processor.py:830} INFO - Processing file /opt/airflow/dags/weather_pipeline_dag.py for tasks to queue
[2026-05-14T10:54:13.535+0000] {logging_mixin.py:188} INFO - [2026-05-14T10:54:13.535+0000] {dagbag.py:540} INFO - Filling up the DagBag from /opt/airflow/dags/weather_pipeline_dag.py
[2026-05-14T10:54:13.581+0000] {processor.py:840} INFO - DAG(s) 'weather_pipeline' retrieved from /opt/airflow/dags/weather_pipeline_dag.py
[2026-05-14T10:54:13.634+0000] {logging_mixin.py:188} INFO - [2026-05-14T10:54:13.634+0000] {dag.py:3096} INFO - Sync 1 DAGs
[2026-05-14T10:54:13.675+0000] {logging_mixin.py:188} INFO - [2026-05-14T10:54:13.675+0000] {dag.py:3954} INFO - Setting next_dagrun for weather_pipeline to 2026-05-14 10:00:00+00:00, run_after=2026-05-14 11:00:00+00:00
[2026-05-14T10:54:13.710+0000] {processor.py:183} INFO - Processing /opt/airflow/dags/weather_pipeline_dag.py took 0.193 seconds
[2026-05-14T10:54:43.785+0000] {processor.py:161} INFO - Started process (PID=256) to work on /opt/airflow/dags/weather_pipeline_dag.py
[2026-05-14T10:54:43.787+0000] {processor.py:830} INFO - Processing file /opt/airflow/dags/weather_pipeline_dag.py for tasks to queue
[2026-05-14T10:54:43.793+0000] {logging_mixin.py:188} INFO - [2026-05-14T10:54:43.790+0000] {dagbag.py:540} INFO - Filling up the DagBag from /opt/airflow/dags/weather_pipeline_dag.py
[2026-05-14T10:54:43.834+0000] {processor.py:840} INFO - DAG(s) 'weather_pipeline' retrieved from /opt/airflow/dags/weather_pipeline_dag.py
[2026-05-14T10:54:43.894+0000] {logging_mixin.py:188} INFO - [2026-05-14T10:54:43.894+0000] {dag.py:3096} INFO - Sync 1 DAGs
[2026-05-14T10:54:43.938+0000] {logging_mixin.py:188} INFO - [2026-05-14T10:54:43.938+0000] {dag.py:3954} INFO - Setting next_dagrun for weather_pipeline to 2026-05-14 10:00:00+00:00, run_after=2026-05-14 11:00:00+00:00
[2026-05-14T10:54:43.974+0000] {processor.py:183} INFO - Processing /opt/airflow/dags/weather_pipeline_dag.py took 0.200 seconds
[2026-05-14T10:55:14.460+0000] {processor.py:161} INFO - Started process (PID=269) to work on /opt/airflow/dags/weather_pipeline_dag.py
[2026-05-14T10:55:14.462+0000] {processor.py:830} INFO - Processing file /opt/airflow/dags/weather_pipeline_dag.py for tasks to queue
[2026-05-14T10:55:14.466+0000] {logging_mixin.py:188} INFO - [2026-05-14T10:55:14.465+0000] {dagbag.py:540} INFO - Filling up the DagBag from /opt/airflow/dags/weather_pipeline_dag.py
[2026-05-14T10:55:14.511+0000] {processor.py:840} INFO - DAG(s) 'weather_pipeline' retrieved from /opt/airflow/dags/weather_pipeline_dag.py
[2026-05-14T10:55:14.578+0000] {logging_mixin.py:188} INFO - [2026-05-14T10:55:14.577+0000] {dag.py:3096} INFO - Sync 1 DAGs
[2026-05-14T10:55:14.632+0000] {logging_mixin.py:188} INFO - [2026-05-14T10:55:14.631+0000] {dag.py:3954} INFO - Setting next_dagrun for weather_pipeline to 2026-05-14 10:00:00+00:00, run_after=2026-05-14 11:00:00+00:00
[2026-05-14T10:55:14.675+0000] {processor.py:183} INFO - Processing /opt/airflow/dags/weather_pipeline_dag.py took 0.259 seconds
[2026-05-14T10:55:44.991+0000] {processor.py:161} INFO - Started process (PID=274) to work on /opt/airflow/dags/weather_pipeline_dag.py
[2026-05-14T10:55:44.993+0000] {processor.py:830} INFO - Processing file /opt/airflow/dags/weather_pipeline_dag.py for tasks to queue
[2026-05-14T10:55:44.997+0000] {logging_mixin.py:188} INFO - [2026-05-14T10:55:44.996+0000] {dagbag.py:540} INFO - Filling up the DagBag from /opt/airflow/dags/weather_pipeline_dag.py
[2026-05-14T10:55:45.043+0000] {processor.py:840} INFO - DAG(s) 'weather_pipeline' retrieved from /opt/airflow/dags/weather_pipeline_dag.py
[2026-05-14T10:55:45.103+0000] {logging_mixin.py:188} INFO - [2026-05-14T10:55:45.103+0000] {dag.py:3096} INFO - Sync 1 DAGs
[2026-05-14T10:55:45.149+0000] {logging_mixin.py:188} INFO - [2026-05-14T10:55:45.148+0000] {dag.py:3954} INFO - Setting next_dagrun for weather_pipeline to 2026-05-14 10:00:00+00:00, run_after=2026-05-14 11:00:00+00:00
[2026-05-14T10:55:45.192+0000] {processor.py:183} INFO - Processing /opt/airflow/dags/weather_pipeline_dag.py took 0.213 seconds
[2026-05-14T10:56:15.522+0000] {processor.py:161} INFO - Started process (PID=279) to work on /opt/airflow/dags/weather_pipeline_dag.py
[2026-05-14T10:56:15.524+0000] {processor.py:830} INFO - Processing file /opt/airflow/dags/weather_pipeline_dag.py for tasks to queue
[2026-05-14T10:56:15.529+0000] {logging_mixin.py:188} INFO - [2026-05-14T10:56:15.528+0000] {dagbag.py:540} INFO - Filling up the DagBag from /opt/airflow/dags/weather_pipeline_dag.py
[2026-05-14T10:56:15.573+0000] {processor.py:840} INFO - DAG(s) 'weather_pipeline' retrieved from /opt/airflow/dags/weather_pipeline_dag.py
[2026-05-14T10:56:15.644+0000] {logging_mixin.py:188} INFO - [2026-05-14T10:56:15.644+0000] {dag.py:3096} INFO - Sync 1 DAGs
[2026-05-14T10:56:15.708+0000] {logging_mixin.py:188} INFO - [2026-05-14T10:56:15.708+0000] {dag.py:3954} INFO - Setting next_dagrun for weather_pipeline to 2026-05-14 10:00:00+00:00, run_after=2026-05-14 11:00:00+00:00
[2026-05-14T10:56:15.755+0000] {processor.py:183} INFO - Processing /opt/airflow/dags/weather_pipeline_dag.py took 0.250 seconds
[2026-05-14T10:56:46.614+0000] {processor.py:161} INFO - Started process (PID=284) to work on /opt/airflow/dags/weather_pipeline_dag.py
[2026-05-14T10:56:46.616+0000] {processor.py:830} INFO - Processing file /opt/airflow/dags/weather_pipeline_dag.py for tasks to queue
[2026-05-14T10:56:46.627+0000] {logging_mixin.py:188} INFO - [2026-05-14T10:56:46.626+0000] {dagbag.py:540} INFO - Filling up the DagBag from /opt/airflow/dags/weather_pipeline_dag.py
[2026-05-14T10:56:46.694+0000] {processor.py:840} INFO - DAG(s) 'weather_pipeline' retrieved from /opt/airflow/dags/weather_pipeline_dag.py
[2026-05-14T10:56:46.756+0000] {logging_mixin.py:188} INFO - [2026-05-14T10:56:46.755+0000] {dag.py:3096} INFO - Sync 1 DAGs
[2026-05-14T10:56:46.802+0000] {logging_mixin.py:188} INFO - [2026-05-14T10:56:46.802+0000] {dag.py:3954} INFO - Setting next_dagrun for weather_pipeline to 2026-05-14 10:00:00+00:00, run_after=2026-05-14 11:00:00+00:00
[2026-05-14T10:56:46.846+0000] {processor.py:183} INFO - Processing /opt/airflow/dags/weather_pipeline_dag.py took 0.245 seconds
[2026-05-14T11:10:18.259+0000] {processor.py:161} INFO - Started process (PID=176) to work on /opt/airflow/dags/weather_pipeline_dag.py
[2026-05-14T11:10:18.306+0000] {processor.py:830} INFO - Processing file /opt/airflow/dags/weather_pipeline_dag.py for tasks to queue
[2026-05-14T11:10:18.353+0000] {logging_mixin.py:188} INFO - [2026-05-14T11:10:18.351+0000] {dagbag.py:540} INFO - Filling up the DagBag from /opt/airflow/dags/weather_pipeline_dag.py
[2026-05-14T11:10:18.793+0000] {processor.py:840} INFO - DAG(s) 'weather_pipeline' retrieved from /opt/airflow/dags/weather_pipeline_dag.py
[2026-05-14T11:10:19.489+0000] {logging_mixin.py:188} INFO - [2026-05-14T11:10:19.489+0000] {dag.py:3096} INFO - Sync 1 DAGs
[2026-05-14T11:10:19.782+0000] {logging_mixin.py:188} INFO - [2026-05-14T11:10:19.782+0000] {dag.py:3954} INFO - Setting next_dagrun for weather_pipeline to 2026-05-14 11:00:00+00:00, run_after=2026-05-14 12:00:00+00:00
[2026-05-14T11:10:20.066+0000] {processor.py:183} INFO - Processing /opt/airflow/dags/weather_pipeline_dag.py took 1.972 seconds
[2026-05-14T11:10:50.529+0000] {processor.py:161} INFO - Started process (PID=190) to work on /opt/airflow/dags/weather_pipeline_dag.py
[2026-05-14T11:10:50.531+0000] {processor.py:830} INFO - Processing file /opt/airflow/dags/weather_pipeline_dag.py for tasks to queue
[2026-05-14T11:10:50.536+0000] {logging_mixin.py:188} INFO - [2026-05-14T11:10:50.535+0000] {dagbag.py:540} INFO - Filling up the DagBag from /opt/airflow/dags/weather_pipeline_dag.py
[2026-05-14T11:10:50.588+0000] {processor.py:840} INFO - DAG(s) 'weather_pipeline' retrieved from /opt/airflow/dags/weather_pipeline_dag.py
[2026-05-14T11:10:51.363+0000] {logging_mixin.py:188} INFO - [2026-05-14T11:10:51.362+0000] {dag.py:3096} INFO - Sync 1 DAGs
[2026-05-14T11:10:51.427+0000] {logging_mixin.py:188} INFO - [2026-05-14T11:10:51.426+0000] {dag.py:3954} INFO - Setting next_dagrun for weather_pipeline to 2026-05-14 11:00:00+00:00, run_after=2026-05-14 12:00:00+00:00
[2026-05-14T11:10:51.498+0000] {processor.py:183} INFO - Processing /opt/airflow/dags/weather_pipeline_dag.py took 0.985 seconds
[2026-05-14T11:11:22.063+0000] {processor.py:161} INFO - Started process (PID=195) to work on /opt/airflow/dags/weather_pipeline_dag.py
[2026-05-14T11:11:22.066+0000] {processor.py:830} INFO - Processing file /opt/airflow/dags/weather_pipeline_dag.py for tasks to queue
[2026-05-14T11:11:22.073+0000] {logging_mixin.py:188} INFO - [2026-05-14T11:11:22.072+0000] {dagbag.py:540} INFO - Filling up the DagBag from /opt/airflow/dags/weather_pipeline_dag.py
[2026-05-14T11:11:22.260+0000] {processor.py:840} INFO - DAG(s) 'weather_pipeline' retrieved from /opt/airflow/dags/weather_pipeline_dag.py
[2026-05-14T11:11:22.335+0000] {logging_mixin.py:188} INFO - [2026-05-14T11:11:22.335+0000] {dag.py:3096} INFO - Sync 1 DAGs
[2026-05-14T11:11:22.776+0000] {logging_mixin.py:188} INFO - [2026-05-14T11:11:22.764+0000] {dag.py:3954} INFO - Setting next_dagrun for weather_pipeline to 2026-05-14 11:00:00+00:00, run_after=2026-05-14 12:00:00+00:00
[2026-05-14T11:11:22.914+0000] {processor.py:183} INFO - Processing /opt/airflow/dags/weather_pipeline_dag.py took 0.870 seconds
[2026-05-14T11:11:53.694+0000] {processor.py:161} INFO - Started process (PID=200) to work on /opt/airflow/dags/weather_pipeline_dag.py
[2026-05-14T11:11:53.697+0000] {processor.py:830} INFO - Processing file /opt/airflow/dags/weather_pipeline_dag.py for tasks to queue
[2026-05-14T11:11:53.701+0000] {logging_mixin.py:188} INFO - [2026-05-14T11:11:53.699+0000] {dagbag.py:540} INFO - Filling up the DagBag from /opt/airflow/dags/weather_pipeline_dag.py
[2026-05-14T11:11:53.755+0000] {processor.py:840} INFO - DAG(s) 'weather_pipeline' retrieved from /opt/airflow/dags/weather_pipeline_dag.py
[2026-05-14T11:11:53.822+0000] {logging_mixin.py:188} INFO - [2026-05-14T11:11:53.822+0000] {dag.py:3096} INFO - Sync 1 DAGs
[2026-05-14T11:11:53.878+0000] {logging_mixin.py:188} INFO - [2026-05-14T11:11:53.877+0000] {dag.py:3954} INFO - Setting next_dagrun for weather_pipeline to 2026-05-14 11:00:00+00:00, run_after=2026-05-14 12:00:00+00:00
[2026-05-14T11:11:53.924+0000] {processor.py:183} INFO - Processing /opt/airflow/dags/weather_pipeline_dag.py took 0.247 seconds
[2026-05-14T11:12:24.447+0000] {processor.py:161} INFO - Started process (PID=205) to work on /opt/airflow/dags/weather_pipeline_dag.py
[2026-05-14T11:12:24.449+0000] {processor.py:830} INFO - Processing file /opt/airflow/dags/weather_pipeline_dag.py for tasks to queue
[2026-05-14T11:12:24.453+0000] {logging_mixin.py:188} INFO - [2026-05-14T11:12:24.453+0000] {dagbag.py:540} INFO - Filling up the DagBag from /opt/airflow/dags/weather_pipeline_dag.py
[2026-05-14T11:12:24.521+0000] {processor.py:840} INFO - DAG(s) 'weather_pipeline' retrieved from /opt/airflow/dags/weather_pipeline_dag.py
[2026-05-14T11:12:24.615+0000] {logging_mixin.py:188} INFO - [2026-05-14T11:12:24.614+0000] {dag.py:3096} INFO - Sync 1 DAGs
[2026-05-14T11:12:24.697+0000] {logging_mixin.py:188} INFO - [2026-05-14T11:12:24.696+0000] {dag.py:3954} INFO - Setting next_dagrun for weather_pipeline to 2026-05-14 11:00:00+00:00, run_after=2026-05-14 12:00:00+00:00
[2026-05-14T11:12:24.748+0000] {processor.py:183} INFO - Processing /opt/airflow/dags/weather_pipeline_dag.py took 0.316 seconds
[2026-05-14T11:12:55.064+0000] {processor.py:161} INFO - Started process (PID=210) to work on /opt/airflow/dags/weather_pipeline_dag.py
[2026-05-14T11:12:55.066+0000] {processor.py:830} INFO - Processing file /opt/airflow/dags/weather_pipeline_dag.py for tasks to queue
[2026-05-14T11:12:55.071+0000] {logging_mixin.py:188} INFO - [2026-05-14T11:12:55.070+0000] {dagbag.py:540} INFO - Filling up the DagBag from /opt/airflow/dags/weather_pipeline_dag.py
[2026-05-14T11:12:55.127+0000] {processor.py:840} INFO - DAG(s) 'weather_pipeline' retrieved from /opt/airflow/dags/weather_pipeline_dag.py
[2026-05-14T11:12:55.209+0000] {logging_mixin.py:188} INFO - [2026-05-14T11:12:55.208+0000] {dag.py:3096} INFO - Sync 1 DAGs
[2026-05-14T11:12:55.264+0000] {logging_mixin.py:188} INFO - [2026-05-14T11:12:55.263+0000] {dag.py:3954} INFO - Setting next_dagrun for weather_pipeline to 2026-05-14 11:00:00+00:00, run_after=2026-05-14 12:00:00+00:00
[2026-05-14T11:12:55.314+0000] {processor.py:183} INFO - Processing /opt/airflow/dags/weather_pipeline_dag.py took 0.266 seconds
[2026-05-14T11:13:25.936+0000] {processor.py:161} INFO - Started process (PID=215) to work on /opt/airflow/dags/weather_pipeline_dag.py
[2026-05-14T11:13:25.939+0000] {processor.py:830} INFO - Processing file /opt/airflow/dags/weather_pipeline_dag.py for tasks to queue
[2026-05-14T11:13:25.946+0000] {logging_mixin.py:188} INFO - [2026-05-14T11:13:25.945+0000] {dagbag.py:540} INFO - Filling up the DagBag from /opt/airflow/dags/weather_pipeline_dag.py
[2026-05-14T11:13:26.033+0000] {processor.py:840} INFO - DAG(s) 'weather_pipeline' retrieved from /opt/airflow/dags/weather_pipeline_dag.py
[2026-05-14T11:13:26.114+0000] {logging_mixin.py:188} INFO - [2026-05-14T11:13:26.114+0000] {dag.py:3096} INFO - Sync 1 DAGs
[2026-05-14T11:13:26.163+0000] {logging_mixin.py:188} INFO - [2026-05-14T11:13:26.163+0000] {dag.py:3954} INFO - Setting next_dagrun for weather_pipeline to 2026-05-14 11:00:00+00:00, run_after=2026-05-14 12:00:00+00:00
[2026-05-14T11:13:26.216+0000] {processor.py:183} INFO - Processing /opt/airflow/dags/weather_pipeline_dag.py took 0.305 seconds
[2026-05-14T11:13:56.725+0000] {processor.py:161} INFO - Started process (PID=220) to work on /opt/airflow/dags/weather_pipeline_dag.py
[2026-05-14T11:13:56.734+0000] {processor.py:830} INFO - Processing file /opt/airflow/dags/weather_pipeline_dag.py for tasks to queue
[2026-05-14T11:13:56.755+0000] {logging_mixin.py:188} INFO - [2026-05-14T11:13:56.753+0000] {dagbag.py:540} INFO - Filling up the DagBag from /opt/airflow/dags/weather_pipeline_dag.py
[2026-05-14T11:13:56.933+0000] {processor.py:840} INFO - DAG(s) 'weather_pipeline' retrieved from /opt/airflow/dags/weather_pipeline_dag.py
[2026-05-14T11:13:57.052+0000] {logging_mixin.py:188} INFO - [2026-05-14T11:13:57.051+0000] {dag.py:3096} INFO - Sync 1 DAGs
[2026-05-14T11:13:57.132+0000] {logging_mixin.py:188} INFO - [2026-05-14T11:13:57.131+0000] {dag.py:3954} INFO - Setting next_dagrun for weather_pipeline to 2026-05-14 11:00:00+00:00, run_after=2026-05-14 12:00:00+00:00
[2026-05-14T11:13:57.190+0000] {processor.py:183} INFO - Processing /opt/airflow/dags/weather_pipeline_dag.py took 0.525 seconds
[2026-05-14T11:14:27.379+0000] {processor.py:161} INFO - Started process (PID=225) to work on /opt/airflow/dags/weather_pipeline_dag.py
[2026-05-14T11:14:27.383+0000] {processor.py:830} INFO - Processing file /opt/airflow/dags/weather_pipeline_dag.py for tasks to queue
[2026-05-14T11:14:27.396+0000] {logging_mixin.py:188} INFO - [2026-05-14T11:14:27.395+0000] {dagbag.py:540} INFO - Filling up the DagBag from /opt/airflow/dags/weather_pipeline_dag.py
[2026-05-14T11:14:27.445+0000] {processor.py:840} INFO - DAG(s) 'weather_pipeline' retrieved from /opt/airflow/dags/weather_pipeline_dag.py
[2026-05-14T11:14:27.516+0000] {logging_mixin.py:188} INFO - [2026-05-14T11:14:27.516+0000] {dag.py:3096} INFO - Sync 1 DAGs
[2026-05-14T11:14:27.563+0000] {logging_mixin.py:188} INFO - [2026-05-14T11:14:27.563+0000] {dag.py:3954} INFO - Setting next_dagrun for weather_pipeline to 2026-05-14 11:00:00+00:00, run_after=2026-05-14 12:00:00+00:00
[2026-05-14T11:14:27.599+0000] {processor.py:183} INFO - Processing /opt/airflow/dags/weather_pipeline_dag.py took 0.248 seconds
